V/ActivityManager( 1415): Configuration unchanged in ActivityRecord{1a2d2194 u0 com.babytree.apps.pregnancy/com.meitun.mama.ui.HomeActivity t266}
V/ActivityManager( 1415): Ensuring correct configuration: ActivityRecord{1a2d2194 u0 com.babytree.apps.pregnancy/com.meitun.mama.ui.HomeActivity t266}
V/ActivityManager( 1415): Configuration unchanged in ActivityRecord{1a2d2194 u0 com.babytree.apps.pregnancy/com.meitun.mama.ui.HomeActivity t266}
I/WindowManager( 1415): isKeyguardShowing = false, mKeyguardWindow.mAttrs.privateFlags = 0
V/ActivityManager( 1415): Ensuring correct configuration: ActivityRecord{1a2d2194 u0 com.babytree.apps.pregnancy/com.meitun.mama.ui.HomeActivity t266}
V/ActivityManager( 1415): Configuration unchanged in ActivityRecord{1a2d2194 u0 com.babytree.apps.pregnancy/com.meitun.mama.ui.HomeActivity t266}
W/ActivityManager( 1415): getTasks: caller 10130 does not hold REAL_GET_TASKS; limiting output
W/ActivityManager( 1415): getTasks: caller 10130 does not hold REAL_GET_TASKS; limiting output
D/VivoAAL ( 1415): onSensorChanged change mNear from false to true
D/VivoAAL ( 1415): proximity positive is :true
D/VivoAAL ( 1415): handleMessage MSG_PSENSOR_STATUS
D/VivoAAL ( 1415): Write /sys/lcm/vivo_esd_check_ps 1
D/BrightnessProviderNormal( 1415): notifyStateChanged un-known:13
D/AutoBrightnessManager( 1415): onSensorChanged prox: positive=true
V/ActivityManager( 1415): Starting activity when config will change = false
I/ActivityManager( 1415): START u0 {cmp=com.babytree.apps.pregnancy/com.meitun.mama.ui.mine.MyFavouriteActivity} from uid 10130 on display 0
V/WindowManager( 1415): addAppToken: AppWindowToken{386b759f token=Token{35bd033e ActivityRecord{2dd1d7f9 u0 com.babytree.apps.pregnancy/com.meitun.mama.ui.mine.MyFavouriteActivity t266}}} to stack=1 task=266 at 2
V/ActivityManager( 1415): Ensuring correct configuration: ActivityRecord{2dd1d7f9 u0 com.babytree.apps.pregnancy/com.meitun.mama.ui.mine.MyFavouriteActivity t266}
V/ActivityManager( 1415): Configuration unchanged in ActivityRecord{2dd1d7f9 u0 com.babytree.apps.pregnancy/com.meitun.mama.ui.mine.MyFavouriteActivity t266}
V/ActivityManager( 1415): Ensuring correct configuration: ActivityRecord{2dd1d7f9 u0 com.babytree.apps.pregnancy/com.meitun.mama.ui.mine.MyFavouriteActivity t266}
V/ActivityManager( 1415): Configuration unchanged in ActivityRecord{2dd1d7f9 u0 com.babytree.apps.pregnancy/com.meitun.mama.ui.mine.MyFavouriteActivity t266}
V/ActivityThread(22659): Handle configuration changed: {1.0 ?mcc?mnc zh_CN ?layoutDir sw360dp w360dp h617dp 480dpi nrml long port finger -keyb/v/h -nav/h s.5 themeId=0, affectGlobal:true}
V/ResourcesManager(22659): Skipping new config: curSeq=5, newSeq=5
V/ActivityThread(22659): Launching activity com.meitun.mama.ui.mine.MyFavouriteActivity with config {1.0 ?mcc?mnc zh_CN ?layoutDir sw360dp w360dp h617dp 480dpi nrml long port finger -keyb/v/h -nav/h s.5 themeId=0, affectGlobal:true}
V/WindowManager( 1415): Adding window Window{94efab5 u0 com.babytree.apps.pregnancy/com.meitun.mama.ui.mine.MyFavouriteActivity} at 7 of 12 (after Window{259e117e u0 com.babytree.apps.pregnancy/com.meitun.mama.ui.HomeActivity})
V/WindowManager( 1415): not Base app: Adding window Window{389bccbb u0 com.babytree.apps.pregnancy/com.meitun.mama.ui.mine.MyFavouriteActivity} at 8 of 13
D/VivoAAL ( 1415): onSensorChanged change mNear from true to false
D/VivoAAL ( 1415): proximity positive is :false
D/VivoAAL ( 1415): handleMessage MSG_PSENSOR_STATUS
D/VivoAAL ( 1415): Write /sys/lcm/vivo_esd_check_ps 0
D/BrightnessProviderNormal( 1415): notifyStateChanged un-known:12
V/ResourcesManager(22659): Skipping new config: curSeq=5, newSeq=5
V/ResourcesManager(22659): Skipping new config: curSeq=5, newSeq=5
V/ResourcesManager(22659): Skipping new config: curSeq=5, newSeq=5
V/ResourcesManager(22659): Skipping new config: curSeq=5, newSeq=5
I/WindowManager( 1415): isKeyguardShowing = false, mKeyguardWindow.mAttrs.privateFlags = 0
V/ActivityManager( 1415): Ensuring correct configuration: ActivityRecord{2dd1d7f9 u0 com.babytree.apps.pregnancy/com.meitun.mama.ui.mine.MyFavouriteActivity t266}
V/ActivityManager( 1415): Configuration no differences in ActivityRecord{2dd1d7f9 u0 com.babytree.apps.pregnancy/com.meitun.mama.ui.mine.MyFavouriteActivity t266}
V/ActivityManager( 1415): Ensuring correct configuration: ActivityRecord{2dd1d7f9 u0 com.babytree.apps.pregnancy/com.meitun.mama.ui.mine.MyFavouriteActivity t266}
V/ActivityManager( 1415): Configuration unchanged in ActivityRecord{2dd1d7f9 u0 com.babytree.apps.pregnancy/com.meitun.mama.ui.mine.MyFavouriteActivity t266}
W/ActivityManager( 1415): getTasks: caller 10130 does not hold REAL_GET_TASKS; limiting output
D/AutoBrightnessManager( 1415): onSensorChanged prox: mProximityRunnable mProximityStatus=false mLightDegree=BRIGHT
W/ActivityManager( 1415): getRunningAppProcesses: caller 10130 does not hold REAL_GET_TASKS; limiting output
W/ActivityManager( 1415): getRunningAppProcesses: caller 10130 does not hold REAL_GET_TASKS; limiting output
V/ActivityManager( 1415): Starting activity when config will change = false
I/ActivityManager( 1415): START u0 {cmp=com.babytree.apps.pregnancy/com.meitun.mama.ui.CommonActivity (has extras)} from uid 10130 on display 0
V/WindowManager( 1415): addAppToken: AppWindowToken{1723048f token=Token{3fceb7ee ActivityRecord{1adbb169 u0 com.babytree.apps.pregnancy/com.meitun.mama.ui.CommonActivity t266}}} to stack=1 task=266 at 3
W/ActivityManager( 1415): getRunningAppProcesses: caller 10130 does not hold REAL_GET_TASKS; limiting output
W/ActivityManager( 1415): getRunningAppProcesses: caller 10130 does not hold REAL_GET_TASKS; limiting output
V/ActivityManager( 1415): Ensuring correct configuration: ActivityRecord{1adbb169 u0 com.babytree.apps.pregnancy/com.meitun.mama.ui.CommonActivity t266}
V/ActivityManager( 1415): Configuration unchanged in ActivityRecord{1adbb169 u0 com.babytree.apps.pregnancy/com.meitun.mama.ui.CommonActivity t266}
V/ActivityManager( 1415): Ensuring correct configuration: ActivityRecord{1adbb169 u0 com.babytree.apps.pregnancy/com.meitun.mama.ui.CommonActivity t266}
V/ActivityManager( 1415): Configuration unchanged in ActivityRecord{1adbb169 u0 com.babytree.apps.pregnancy/com.meitun.mama.ui.CommonActivity t266}
V/ActivityThread(22659): Handle configuration changed: {1.0 ?mcc?mnc zh_CN ?layoutDir sw360dp w360dp h617dp 480dpi nrml long port finger -keyb/v/h -nav/h s.5 themeId=0, affectGlobal:true}
V/ResourcesManager(22659): Skipping new config: curSeq=5, newSeq=5
V/ActivityThread(22659): Launching activity com.meitun.mama.ui.CommonActivity with config {1.0 ?mcc?mnc zh_CN ?layoutDir sw360dp w360dp h617dp 480dpi nrml long port finger -keyb/v/h -nav/h s.5 themeId=0, affectGlobal:true}
V/WindowManager( 1415): Adding window Window{2274fb25 u0 com.babytree.apps.pregnancy/com.meitun.mama.ui.CommonActivity} at 8 of 13 (after Window{94efab5 u0 com.babytree.apps.pregnancy/com.meitun.mama.ui.mine.MyFavouriteActivity})
V/ResourcesManager(22659): Skipping new config: curSeq=5, newSeq=5
I/WindowManager( 1415): isKeyguardShowing = false, mKeyguardWindow.mAttrs.privateFlags = 0
V/ResourcesManager(22659): Skipping new config: curSeq=5, newSeq=5
V/ActivityManager( 1415): Ensuring correct configuration: ActivityRecord{1adbb169 u0 com.babytree.apps.pregnancy/com.meitun.mama.ui.CommonActivity t266}
V/ActivityManager( 1415): Configuration no differences in ActivityRecord{1adbb169 u0 com.babytree.apps.pregnancy/com.meitun.mama.ui.CommonActivity t266}
V/ActivityManager( 1415): Ensuring correct configuration: ActivityRecord{1adbb169 u0 com.babytree.apps.pregnancy/com.meitun.mama.ui.CommonActivity t266}
V/ActivityManager( 1415): Configuration unchanged in ActivityRecord{1adbb169 u0 com.babytree.apps.pregnancy/com.meitun.mama.ui.CommonActivity t266}
W/ActivityManager( 1415): getTasks: caller 10130 does not hold REAL_GET_TASKS; limiting output
W/ActivityManager( 1415): getRunningAppProcesses: caller 10130 does not hold REAL_GET_TASKS; limiting output
E/NetlinkEvent(  444): NetlinkEvent::FindParam(): Parameter 'ALERT_NAME' not found
E/NetlinkEvent(  434): NetlinkEvent::FindParam(): Parameter 'ALERT_NAME' not found
D/BatteryService( 1415): Processing new values: chargerAcOnline=false, chargerUsbOnline=true, chargerWirelessOnline=false, batteryStatus=2, batteryHealth=2, batteryPresent=true, batteryLevel=76, batteryTechnology=Li-ion, batteryVoltage=4116, batteryTemperature=280, mBatteryLevelCritical=false, mPlugType=2
D/BatteryService( 1415): Sending ACTION_BATTERY_CHANGED.  level:76, scale:100, status:2, health:2, present:true, voltage: 4116, temperature: 280, technology: Li-ion, AC powered:false, USB powered:true, Wireless powered:false, icon:17303156, invalid charger:0
I/VNOILBS ( 1415): VNOILBS mScreenOn=true level=76 mCriticalBatteryLevel=3 mNotificationLowBatteryStates=true mNotificationChargeStates=true status=2
D/WifiController( 1415): battery changed pluggedType: 2
D/PowerUI ( 2060): buckets   .....15 .. 10 .. 3
D/PowerUI ( 2060): level          76 --> 76
D/PowerUI ( 2060): status         2 --> 2
D/PowerUI ( 2060): plugType       2 --> 2
D/PowerUI ( 2060): invalidCharger 0 --> 0
D/PowerUI ( 2060): bucket         1 --> 1
D/PowerUI ( 2060): plugged        true --> true
E/NetlinkEvent(  444): NetlinkEvent::FindParam(): Parameter 'ALERT_NAME' not found
E/NetlinkEvent(  434): NetlinkEvent::FindParam(): Parameter 'ALERT_NAME' not found
D/BatteryService( 1415): Processing new values: chargerAcOnline=false, chargerUsbOnline=true, chargerWirelessOnline=false, batteryStatus=2, batteryHealth=2, batteryPresent=true, batteryLevel=76, batteryTechnology=Li-ion, batteryVoltage=4116, batteryTemperature=280, mBatteryLevelCritical=false, mPlugType=2
D/VivoAAL ( 1415): onSensorChanged change mNear from false to true
D/BrightnessProviderNormal( 1415): notifyStateChanged un-known:13
D/AutoBrightnessManager( 1415): onSensorChanged prox: positive=true
D/VivoAAL ( 1415): proximity positive is :true
D/VivoAAL ( 1415): handleMessage MSG_PSENSOR_STATUS
D/VivoAAL ( 1415): Write /sys/lcm/vivo_esd_check_ps 1
V/ActivityManager( 1415): Ensuring correct configuration: ActivityRecord{2dd1d7f9 u0 com.babytree.apps.pregnancy/com.meitun.mama.ui.mine.MyFavouriteActivity t266}
V/ActivityManager( 1415): Configuration unchanged in ActivityRecord{2dd1d7f9 u0 com.babytree.apps.pregnancy/com.meitun.mama.ui.mine.MyFavouriteActivity t266}
V/ActivityManager( 1415): Ensuring correct configuration: ActivityRecord{2dd1d7f9 u0 com.babytree.apps.pregnancy/com.meitun.mama.ui.mine.MyFavouriteActivity t266}
V/ActivityManager( 1415): Configuration unchanged in ActivityRecord{2dd1d7f9 u0 com.babytree.apps.pregnancy/com.meitun.mama.ui.mine.MyFavouriteActivity t266}
D/BrightnessProviderNormal( 1415): notifyStateChanged un-known:12
D/VivoAAL ( 1415): onSensorChanged change mNear from true to false
D/VivoAAL ( 1415): proximity positive is :false
D/VivoAAL ( 1415): handleMessage MSG_PSENSOR_STATUS
D/VivoAAL ( 1415): Write /sys/lcm/vivo_esd_check_ps 0
W/ActivityManager( 1415): getRunningAppProcesses: caller 10117 does not hold REAL_GET_TASKS; limiting output
I/WindowManager( 1415): isKeyguardShowing = false, mKeyguardWindow.mAttrs.privateFlags = 0
V/ActivityManager( 1415): Ensuring correct configuration: ActivityRecord{2dd1d7f9 u0 com.babytree.apps.pregnancy/com.meitun.mama.ui.mine.MyFavouriteActivity t266}
V/ActivityManager( 1415): Configuration unchanged in ActivityRecord{2dd1d7f9 u0 com.babytree.apps.pregnancy/com.meitun.mama.ui.mine.MyFavouriteActivity t266}
V/ActivityManager( 1415): Ensuring correct configuration: ActivityRecord{2dd1d7f9 u0 com.babytree.apps.pregnancy/com.meitun.mama.ui.mine.MyFavouriteActivity t266}
V/ActivityManager( 1415): Configuration unchanged in ActivityRecord{2dd1d7f9 u0 com.babytree.apps.pregnancy/com.meitun.mama.ui.mine.MyFavouriteActivity t266}
W/ActivityManager( 1415): getTasks: caller 10130 does not hold REAL_GET_TASKS; limiting output
W/ActivityManager( 1415): getTasks: caller 10130 does not hold REAL_GET_TASKS; limiting output
D/AutoBrightnessManager( 1415): onSensorChanged prox: mProximityRunnable mProximityStatus=false mLightDegree=BRIGHT
E/NetlinkEvent(  444): NetlinkEvent::FindParam(): Parameter 'ALERT_NAME' not found
D/BatteryService( 1415): Processing new values: chargerAcOnline=false, chargerUsbOnline=true, chargerWirelessOnline=false, batteryStatus=2, batteryHealth=2, batteryPresent=true, batteryLevel=76, batteryTechnology=Li-ion, batteryVoltage=4120, batteryTemperature=280, mBatteryLevelCritical=false, mPlugType=2
D/BatteryService( 1415): Sending ACTION_BATTERY_CHANGED.  level:76, scale:100, status:2, health:2, present:true, voltage: 4120, temperature: 280, technology: Li-ion, AC powered:false, USB powered:true, Wireless powered:false, icon:17303156, invalid charger:0
I/VNOILBS ( 1415): VNOILBS mScreenOn=true level=76 mCriticalBatteryLevel=3 mNotificationLowBatteryStates=true mNotificationChargeStates=true status=2
E/NetlinkEvent(  434): NetlinkEvent::FindParam(): Parameter 'ALERT_NAME' not found
D/WifiController( 1415): battery changed pluggedType: 2
D/PowerUI ( 2060): buckets   .....15 .. 10 .. 3
D/PowerUI ( 2060): level          76 --> 76
D/PowerUI ( 2060): status         2 --> 2
D/PowerUI ( 2060): plugType       2 --> 2
D/PowerUI ( 2060): invalidCharger 0 --> 0
D/PowerUI ( 2060): bucket         1 --> 1
D/PowerUI ( 2060): plugged        true --> true
E/NetlinkEvent(  444): NetlinkEvent::FindParam(): Parameter 'ALERT_NAME' not found
E/NetlinkEvent(  434): NetlinkEvent::FindParam(): Parameter 'ALERT_NAME' not found
D/BatteryService( 1415): Processing new values: chargerAcOnline=false, chargerUsbOnline=true, chargerWirelessOnline=false, batteryStatus=2, batteryHealth=2, batteryPresent=true, batteryLevel=76, batteryTechnology=Li-ion, batteryVoltage=4120, batteryTemperature=280, mBatteryLevelCritical=false, mPlugType=2
W/ActivityManager( 1415): getRunningAppProcesses: caller 10130 does not hold REAL_GET_TASKS; limiting output
W/ActivityManager( 1415): getRunningAppProcesses: caller 10130 does not hold REAL_GET_TASKS; limiting output
W/ActivityManager( 1415): getRunningAppProcesses: caller 10130 does not hold REAL_GET_TASKS; limiting output
V/ResourcesManager( 6749): Skipping new config: curSeq=5, newSeq=5
V/WindowManager( 1415): Adding window Window{3bcef89e u0 SurfaceView} at 8 of 14 (before Window{1ffe4d20 u0 com.bbk.facewake})
W/ContextImpl( 6749): Calling a method in the system process without a qualified user: android.app.ContextImpl.sendBroadcast:1373 android.content.ContextWrapper.sendBroadcast:377 android.hardware.Camera.sendOpenCameraBroadCast:5969 android.hardware.Camera.<init>:618 android.hardware.Camera.open:399 
W/ContextImpl( 6749): Calling a method in the system process without a qualified user: android.app.ContextImpl.sendBroadcast:1373 android.content.ContextWrapper.sendBroadcast:377 android.hardware.Camera.sendStartPreviewBroadCast:6006 android.hardware.Camera.startPreview:861 com.bbk.facewake.FaceWakeService.surfaceCreated:250 
V/ResourcesManager( 6749): Skipping new config: curSeq=5, newSeq=5
W/ActivityManager( 1415): getRunningAppProcesses: caller 10130 does not hold REAL_GET_TASKS; limiting output
W/ActivityManager( 1415): getRunningAppProcesses: caller 10130 does not hold REAL_GET_TASKS; limiting output
D/AutoBrightnessManager( 1415): notifyStateChanged STATE_SCREEN_DIM
D/BrightnessProviderNormal( 1415): notifyStateChanged un-known:4
D/DisplayPowerController( 1415): updatePowerState: mPowerRequest.useProximitySensor=false, mProximity=Unknown, mScreenOffBecauseOfProximity=false mPowerRequest.screenState = ON mWaitingForNegativeProximity = false
D/DisplayPowerController( 1415): updatePowerState use=true enabled=true  state=ON block=false
D/DisplayPowerController( 1415): chenyishi AAL AAL AAL
D/DisplayPowerController( 1415): dim befor brightness = 72
D/DisplayPowerController( 1415): dim  brightness = 45
D/DisplayPowerController( 1415): updatePowerState: mPowerRequest.useProximitySensor=false, mProximity=Unknown, mScreenOffBecauseOfProximity=false mPowerRequest.screenState = ON mWaitingForNegativeProximity = false
D/DisplayPowerController( 1415): updatePowerState use=true enabled=true  state=ON block=false
D/DisplayPowerController( 1415): chenyishi AAL AAL AAL
D/DisplayPowerController( 1415): dim befor brightness = 72
D/DisplayPowerController( 1415): dim  brightness = 45
D/DisplayPowerState( 1415): Updating screen state: state=ON, backlight=45, backlightChanged=true mPowerAssistantMode=0
D/BBKTouchScreenService( 1415): Super power save property is false
D/BBKTouchScreenService( 1415): Set LCD backlight state ON
D/BBKTouchScreenService( 1415): The mProximiteListenerRegistered is 0 on is false
D/DisplayPowerController( 1415): updatePowerState: mPowerRequest.useProximitySensor=false, mProximity=Unknown, mScreenOffBecauseOfProximity=false mPowerRequest.screenState = ON mWaitingForNegativeProximity = false
D/DisplayPowerController( 1415): updatePowerState use=true enabled=true  state=ON block=false
D/DisplayPowerController( 1415): chenyishi AAL AAL AAL
D/DisplayPowerController( 1415): dim befor brightness = 72
D/DisplayPowerController( 1415): dim  brightness = 45
W/ActivityManager( 1415): getRunningAppProcesses: caller 10130 does not hold REAL_GET_TASKS; limiting output
W/ActivityManager( 1415): getRunningAppProcesses: caller 10130 does not hold REAL_GET_TASKS; limiting output
W/ActivityManager( 1415): getRunningAppProcesses: caller 10130 does not hold REAL_GET_TASKS; limiting output
W/WindowStateAnimator( 1415): Hiding pendingDestroy surface in Window{3bcef89e u0 SurfaceView}
W/ContextImpl( 6749): Calling a method in the system process without a qualified user: android.app.ContextImpl.sendBroadcast:1373 android.content.ContextWrapper.sendBroadcast:377 android.hardware.Camera.sendReleaseCameraBroadCast:5986 android.hardware.Camera.release:675 com.bbk.facewake.FaceWakeService.surfaceDestroyed:270 
W/ActivityManager( 1415): getRunningAppProcesses: caller 10130 does not hold REAL_GET_TASKS; limiting output
W/ActivityManager( 1415): getRunningAppProcesses: caller 10130 does not hold REAL_GET_TASKS; limiting output
W/ActivityManager( 1415): getRunningAppProcesses: caller 10130 does not hold REAL_GET_TASKS; limiting output
W/ActivityManager( 1415): getRunningAppProcesses: caller 10130 does not hold REAL_GET_TASKS; limiting output
W/ActivityManager( 1415): getRunningAppProcesses: caller 10130 does not hold REAL_GET_TASKS; limiting output
W/ActivityManager( 1415): getRunningAppProcesses: caller 10130 does not hold REAL_GET_TASKS; limiting output
W/ActivityManager( 1415): getRunningAppProcesses: caller 10130 does not hold REAL_GET_TASKS; limiting output
W/ActivityManager( 1415): getRunningAppProcesses: caller 10130 does not hold REAL_GET_TASKS; limiting output
W/ActivityManager( 1415): getRunningAppProcesses: caller 10130 does not hold REAL_GET_TASKS; limiting output
W/ActivityManager( 1415): getRunningAppProcesses: caller 10130 does not hold REAL_GET_TASKS; limiting output
D/BrightnessProviderNormal( 1415): notifyStateChanged un-known:3
D/DisplayPowerController( 1415): updatePowerState: mPowerRequest.useProximitySensor=false, mProximity=Unknown, mScreenOffBecauseOfProximity=false mPowerRequest.screenState = ON mWaitingForNegativeProximity = false
D/DisplayPowerController( 1415): updatePowerState use=true enabled=true  state=ON block=false
D/DisplayPowerController( 1415): chenyishi AAL AAL AAL
D/DisplayPowerController( 1415): updatePowerState: mPowerRequest.useProximitySensor=false, mProximity=Unknown, mScreenOffBecauseOfProximity=false mPowerRequest.screenState = ON mWaitingForNegativeProximity = false
D/DisplayPowerController( 1415): updatePowerState use=true enabled=true  state=ON block=false
D/DisplayPowerController( 1415): chenyishi AAL AAL AAL
D/DisplayPowerState( 1415): Updating screen state: state=ON, backlight=72, backlightChanged=true mPowerAssistantMode=0
D/BBKTouchScreenService( 1415): Super power save property is false
D/BBKTouchScreenService( 1415): Set LCD backlight state ON
D/BBKTouchScreenService( 1415): The mProximiteListenerRegistered is 0 on is false
D/DisplayPowerController( 1415): updatePowerState: mPowerRequest.useProximitySensor=false, mProximity=Unknown, mScreenOffBecauseOfProximity=false mPowerRequest.screenState = ON mWaitingForNegativeProximity = false
D/DisplayPowerController( 1415): updatePowerState use=true enabled=true  state=ON block=false
D/DisplayPowerController( 1415): chenyishi AAL AAL AAL
D/AutoBrightnessManager( 1415): calcDelayTime = 100
V/ActivityManager( 1415): Starting activity when config will change = false
I/ActivityManager( 1415): START u0 {cmp=com.babytree.apps.pregnancy/com.meitun.mama.ui.CommonActivity (has extras)} from uid 10130 on display 0
V/WindowManager( 1415): addAppToken: AppWindowToken{342e00aa token=Token{1413f795 ActivityRecord{2d4b1b4c u0 com.babytree.apps.pregnancy/com.meitun.mama.ui.CommonActivity t266}}} to stack=1 task=266 at 3
V/ActivityManager( 1415): Ensuring correct configuration: ActivityRecord{2d4b1b4c u0 com.babytree.apps.pregnancy/com.meitun.mama.ui.CommonActivity t266}
V/ActivityManager( 1415): Configuration unchanged in ActivityRecord{2d4b1b4c u0 com.babytree.apps.pregnancy/com.meitun.mama.ui.CommonActivity t266}
V/ActivityManager( 1415): Ensuring correct configuration: ActivityRecord{2d4b1b4c u0 com.babytree.apps.pregnancy/com.meitun.mama.ui.CommonActivity t266}
V/ActivityManager( 1415): Configuration unchanged in ActivityRecord{2d4b1b4c u0 com.babytree.apps.pregnancy/com.meitun.mama.ui.CommonActivity t266}
V/ActivityThread(22659): Handle configuration changed: {1.0 ?mcc?mnc zh_CN ?layoutDir sw360dp w360dp h617dp 480dpi nrml long port finger -keyb/v/h -nav/h s.5 themeId=0, affectGlobal:true}
V/ResourcesManager(22659): Skipping new config: curSeq=5, newSeq=5
V/ActivityThread(22659): Launching activity com.meitun.mama.ui.CommonActivity with config {1.0 ?mcc?mnc zh_CN ?layoutDir sw360dp w360dp h617dp 480dpi nrml long port finger -keyb/v/h -nav/h s.5 themeId=0, affectGlobal:true}
V/WindowManager( 1415): Adding window Window{26b4a038 u0 com.babytree.apps.pregnancy/com.meitun.mama.ui.CommonActivity} at 8 of 13 (after Window{94efab5 u0 com.babytree.apps.pregnancy/com.meitun.mama.ui.mine.MyFavouriteActivity})
V/ResourcesManager(22659): Skipping new config: curSeq=5, newSeq=5
V/ResourcesManager(22659): Skipping new config: curSeq=5, newSeq=5
I/WindowManager( 1415): isKeyguardShowing = false, mKeyguardWindow.mAttrs.privateFlags = 0
V/ActivityManager( 1415): Ensuring correct configuration: ActivityRecord{2d4b1b4c u0 com.babytree.apps.pregnancy/com.meitun.mama.ui.CommonActivity t266}
V/ActivityManager( 1415): Configuration no differences in ActivityRecord{2d4b1b4c u0 com.babytree.apps.pregnancy/com.meitun.mama.ui.CommonActivity t266}
V/ActivityManager( 1415): Ensuring correct configuration: ActivityRecord{2d4b1b4c u0 com.babytree.apps.pregnancy/com.meitun.mama.ui.CommonActivity t266}
V/ActivityManager( 1415): Configuration unchanged in ActivityRecord{2d4b1b4c u0 com.babytree.apps.pregnancy/com.meitun.mama.ui.CommonActivity t266}
W/ActivityManager( 1415): getTasks: caller 10130 does not hold REAL_GET_TASKS; limiting output
W/BackupManagerService( 1415): dataChanged but no participant pkg='com.android.providers.settings' uid=10130
W/BackupManagerService( 1415): dataChanged but no participant pkg='com.android.providers.settings' uid=10130
W/BackupManagerService( 1415): dataChanged but no participant pkg='com.android.providers.settings' uid=10130
V/ActivityManager( 1415): Starting activity when config will change = false
I/ActivityManager( 1415): START u0 {cmp=com.babytree.apps.pregnancy/com.meitun.mama.ui.goods.GoodsDetailActivityNew (has extras)} from uid 10130 on display 0
V/WindowManager( 1415): addAppToken: AppWindowToken{3a9a1849 token=Token{3a4f3e50 ActivityRecord{23beac13 u0 com.babytree.apps.pregnancy/com.meitun.mama.ui.goods.GoodsDetailActivityNew t266}}} to stack=1 task=266 at 4
V/ActivityManager( 1415): Ensuring correct configuration: ActivityRecord{23beac13 u0 com.babytree.apps.pregnancy/com.meitun.mama.ui.goods.GoodsDetailActivityNew t266}
V/ActivityManager( 1415): Configuration unchanged in ActivityRecord{23beac13 u0 com.babytree.apps.pregnancy/com.meitun.mama.ui.goods.GoodsDetailActivityNew t266}
V/ActivityManager( 1415): Ensuring correct configuration: ActivityRecord{23beac13 u0 com.babytree.apps.pregnancy/com.meitun.mama.ui.goods.GoodsDetailActivityNew t266}
V/ActivityManager( 1415): Configuration unchanged in ActivityRecord{23beac13 u0 com.babytree.apps.pregnancy/com.meitun.mama.ui.goods.GoodsDetailActivityNew t266}
V/ActivityThread(22659): Handle configuration changed: {1.0 ?mcc?mnc zh_CN ?layoutDir sw360dp w360dp h617dp 480dpi nrml long port finger -keyb/v/h -nav/h s.5 themeId=0, affectGlobal:true}
V/ResourcesManager(22659): Skipping new config: curSeq=5, newSeq=5
V/ActivityThread(22659): Launching activity com.meitun.mama.ui.goods.GoodsDetailActivityNew with config {1.0 ?mcc?mnc zh_CN ?layoutDir sw360dp w360dp h617dp 480dpi nrml long port finger -keyb/v/h -nav/h s.5 themeId=0, affectGlobal:true}
W/BackupManagerService( 1415): dataChanged but no participant pkg='com.android.providers.settings' uid=10130
V/WindowManager( 1415): Adding window Window{3fddf66f u0 com.babytree.apps.pregnancy/com.meitun.mama.ui.goods.GoodsDetailActivityNew} at 9 of 14 (after Window{26b4a038 u0 com.babytree.apps.pregnancy/com.meitun.mama.ui.CommonActivity})
V/WindowManager( 1415): Adding window Window{13ac8768 u0 com.babytree.apps.pregnancy/com.meitun.mama.ui.goods.GoodsDetailActivityNew} at 9 of 15 (before Window{3fddf66f u0 com.babytree.apps.pregnancy/com.meitun.mama.ui.goods.GoodsDetailActivityNew})
V/ResourcesManager(22659): Skipping new config: curSeq=5, newSeq=5
V/ResourcesManager(22659): Skipping new config: curSeq=5, newSeq=5
V/ResourcesManager(22659): Skipping new config: curSeq=5, newSeq=5
V/ResourcesManager(22659): Skipping new config: curSeq=5, newSeq=5
I/WindowManager( 1415): isKeyguardShowing = false, mKeyguardWindow.mAttrs.privateFlags = 0
V/ActivityManager( 1415): Ensuring correct configuration: ActivityRecord{23beac13 u0 com.babytree.apps.pregnancy/com.meitun.mama.ui.goods.GoodsDetailActivityNew t266}
V/ActivityManager( 1415): Configuration no differences in ActivityRecord{23beac13 u0 com.babytree.apps.pregnancy/com.meitun.mama.ui.goods.GoodsDetailActivityNew t266}
V/ActivityManager( 1415): Ensuring correct configuration: ActivityRecord{23beac13 u0 com.babytree.apps.pregnancy/com.meitun.mama.ui.goods.GoodsDetailActivityNew t266}
V/ActivityManager( 1415): Configuration unchanged in ActivityRecord{23beac13 u0 com.babytree.apps.pregnancy/com.meitun.mama.ui.goods.GoodsDetailActivityNew t266}
W/ActivityManager( 1415): getTasks: caller 10130 does not hold REAL_GET_TASKS; limiting output
V/ResourcesManager(22659): Skipping new config: curSeq=5, newSeq=5
V/ResourcesManager(22659): Skipping new config: curSeq=5, newSeq=5
V/ActivityManager( 1415): Ensuring correct configuration: ActivityRecord{2d4b1b4c u0 com.babytree.apps.pregnancy/com.meitun.mama.ui.CommonActivity t266}
V/ActivityManager( 1415): Configuration unchanged in ActivityRecord{2d4b1b4c u0 com.babytree.apps.pregnancy/com.meitun.mama.ui.CommonActivity t266}
V/ActivityManager( 1415): Ensuring correct configuration: ActivityRecord{2d4b1b4c u0 com.babytree.apps.pregnancy/com.meitun.mama.ui.CommonActivity t266}
V/ActivityManager( 1415): Configuration unchanged in ActivityRecord{2d4b1b4c u0 com.babytree.apps.pregnancy/com.meitun.mama.ui.CommonActivity t266}
I/WindowManager( 1415): isKeyguardShowing = false, mKeyguardWindow.mAttrs.privateFlags = 0
V/ActivityManager( 1415): Ensuring correct configuration: ActivityRecord{2d4b1b4c u0 com.babytree.apps.pregnancy/com.meitun.mama.ui.CommonActivity t266}
V/ActivityManager( 1415): Configuration unchanged in ActivityRecord{2d4b1b4c u0 com.babytree.apps.pregnancy/com.meitun.mama.ui.CommonActivity t266}
D/VivoAAL ( 1415): onSensorChanged change mNear from false to true
D/VivoAAL ( 1415): proximity positive is :true
D/VivoAAL ( 1415): handleMessage MSG_PSENSOR_STATUS
D/VivoAAL ( 1415): Write /sys/lcm/vivo_esd_check_ps 1
D/BrightnessProviderNormal( 1415): notifyStateChanged un-known:13
D/AutoBrightnessManager( 1415): onSensorChanged prox: positive=true
V/ActivityManager( 1415): Ensuring correct configuration: ActivityRecord{2d4b1b4c u0 com.babytree.apps.pregnancy/com.meitun.mama.ui.CommonActivity t266}
V/ActivityManager( 1415): Configuration unchanged in ActivityRecord{2d4b1b4c u0 com.babytree.apps.pregnancy/com.meitun.mama.ui.CommonActivity t266}
W/ActivityManager( 1415): getTasks: caller 10130 does not hold REAL_GET_TASKS; limiting output
W/ActivityManager( 1415): getTasks: caller 10130 does not hold REAL_GET_TASKS; limiting output
V/ActivityManager( 1415): Ensuring correct configuration: ActivityRecord{2dd1d7f9 u0 com.babytree.apps.pregnancy/com.meitun.mama.ui.mine.MyFavouriteActivity t266}
V/ActivityManager( 1415): Configuration unchanged in ActivityRecord{2dd1d7f9 u0 com.babytree.apps.pregnancy/com.meitun.mama.ui.mine.MyFavouriteActivity t266}
V/ActivityManager( 1415): Ensuring correct configuration: ActivityRecord{2dd1d7f9 u0 com.babytree.apps.pregnancy/com.meitun.mama.ui.mine.MyFavouriteActivity t266}
V/ActivityManager( 1415): Configuration unchanged in ActivityRecord{2dd1d7f9 u0 com.babytree.apps.pregnancy/com.meitun.mama.ui.mine.MyFavouriteActivity t266}
D/VivoAAL ( 1415): onSensorChanged change mNear from true to false
D/VivoAAL ( 1415): proximity positive is :false
D/VivoAAL ( 1415): handleMessage MSG_PSENSOR_STATUS
D/VivoAAL ( 1415): Write /sys/lcm/vivo_esd_check_ps 0
D/BrightnessProviderNormal( 1415): notifyStateChanged un-known:12
I/WindowManager( 1415): isKeyguardShowing = false, mKeyguardWindow.mAttrs.privateFlags = 0
V/ActivityManager( 1415): Ensuring correct configuration: ActivityRecord{2dd1d7f9 u0 com.babytree.apps.pregnancy/com.meitun.mama.ui.mine.MyFavouriteActivity t266}
V/ActivityManager( 1415): Configuration unchanged in ActivityRecord{2dd1d7f9 u0 com.babytree.apps.pregnancy/com.meitun.mama.ui.mine.MyFavouriteActivity t266}
V/ActivityManager( 1415): Ensuring correct configuration: ActivityRecord{2dd1d7f9 u0 com.babytree.apps.pregnancy/com.meitun.mama.ui.mine.MyFavouriteActivity t266}
V/ActivityManager( 1415): Configuration unchanged in ActivityRecord{2dd1d7f9 u0 com.babytree.apps.pregnancy/com.meitun.mama.ui.mine.MyFavouriteActivity t266}
W/ActivityManager( 1415): getTasks: caller 10130 does not hold REAL_GET_TASKS; limiting output
W/ActivityManager( 1415): getTasks: caller 10130 does not hold REAL_GET_TASKS; limiting output
D/AutoBrightnessManager( 1415): onSensorChanged prox: mProximityRunnable mProximityStatus=false mLightDegree=BRIGHT
I/PowerManagerService( 1415): wakeLock.mFlags = 536870922
V/ActivityManager( 1415): Ensuring correct configuration: ActivityRecord{1a2d2194 u0 com.babytree.apps.pregnancy/com.meitun.mama.ui.HomeActivity t266}
V/ActivityManager( 1415): Configuration unchanged in ActivityRecord{1a2d2194 u0 com.babytree.apps.pregnancy/com.meitun.mama.ui.HomeActivity t266}
V/ActivityManager( 1415): Ensuring correct configuration: ActivityRecord{1a2d2194 u0 com.babytree.apps.pregnancy/com.meitun.mama.ui.HomeActivity t266}
V/ActivityManager( 1415): Configuration unchanged in ActivityRecord{1a2d2194 u0 com.babytree.apps.pregnancy/com.meitun.mama.ui.HomeActivity t266}
I/WindowManager( 1415): isKeyguardShowing = false, mKeyguardWindow.mAttrs.privateFlags = 0
V/ActivityManager( 1415): Ensuring correct configuration: ActivityRecord{1a2d2194 u0 com.babytree.apps.pregnancy/com.meitun.mama.ui.HomeActivity t266}
V/ActivityManager( 1415): Configuration unchanged in ActivityRecord{1a2d2194 u0 com.babytree.apps.pregnancy/com.meitun.mama.ui.HomeActivity t266}
V/ActivityManager( 1415): Ensuring correct configuration: ActivityRecord{1a2d2194 u0 com.babytree.apps.pregnancy/com.meitun.mama.ui.HomeActivity t266}
V/ActivityManager( 1415): Configuration unchanged in ActivityRecord{1a2d2194 u0 com.babytree.apps.pregnancy/com.meitun.mama.ui.HomeActivity t266}
W/ActivityManager( 1415): getTasks: caller 10130 does not hold REAL_GET_TASKS; limiting output
W/ActivityManager( 1415): getTasks: caller 10130 does not hold REAL_GET_TASKS; limiting output
V/ActivityManager( 1415): Starting activity when config will change = false
I/ActivityManager( 1415): START u0 {cmp=com.babytree.apps.pregnancy/com.meitun.mama.ui.mine.ReceiveAddressActivity (has extras)} from uid 10130 on display 0
V/WindowManager( 1415): addAppToken: AppWindowToken{195824b0 token=Token{91baff3 ActivityRecord{f832262 u0 com.babytree.apps.pregnancy/com.meitun.mama.ui.mine.ReceiveAddressActivity t266}}} to stack=1 task=266 at 2
V/ActivityManager( 1415): Ensuring correct configuration: ActivityRecord{f832262 u0 com.babytree.apps.pregnancy/com.meitun.mama.ui.mine.ReceiveAddressActivity t266}
V/ActivityManager( 1415): Configuration unchanged in ActivityRecord{f832262 u0 com.babytree.apps.pregnancy/com.meitun.mama.ui.mine.ReceiveAddressActivity t266}
V/ActivityManager( 1415): Ensuring correct configuration: ActivityRecord{f832262 u0 com.babytree.apps.pregnancy/com.meitun.mama.ui.mine.ReceiveAddressActivity t266}
V/ActivityManager( 1415): Configuration unchanged in ActivityRecord{f832262 u0 com.babytree.apps.pregnancy/com.meitun.mama.ui.mine.ReceiveAddressActivity t266}
V/ActivityThread(22659): Handle configuration changed: {1.0 ?mcc?mnc zh_CN ?layoutDir sw360dp w360dp h617dp 480dpi nrml long port finger -keyb/v/h -nav/h s.5 themeId=0, affectGlobal:true}
V/ResourcesManager(22659): Skipping new config: curSeq=5, newSeq=5
V/ActivityThread(22659): Launching activity com.meitun.mama.ui.mine.ReceiveAddressActivity with config {1.0 ?mcc?mnc zh_CN ?layoutDir sw360dp w360dp h617dp 480dpi nrml long port finger -keyb/v/h -nav/h s.5 themeId=0, affectGlobal:true}
V/WindowManager( 1415): Adding window Window{167502ae u0 com.babytree.apps.pregnancy/com.meitun.mama.ui.mine.ReceiveAddressActivity} at 7 of 12 (after Window{259e117e u0 com.babytree.apps.pregnancy/com.meitun.mama.ui.HomeActivity})
V/ResourcesManager(22659): Skipping new config: curSeq=5, newSeq=5
V/ResourcesManager(22659): Skipping new config: curSeq=5, newSeq=5
I/WindowManager( 1415): isKeyguardShowing = false, mKeyguardWindow.mAttrs.privateFlags = 0
V/ActivityManager( 1415): Ensuring correct configuration: ActivityRecord{f832262 u0 com.babytree.apps.pregnancy/com.meitun.mama.ui.mine.ReceiveAddressActivity t266}
V/ActivityManager( 1415): Configuration no differences in ActivityRecord{f832262 u0 com.babytree.apps.pregnancy/com.meitun.mama.ui.mine.ReceiveAddressActivity t266}
W/ActivityManager( 1415): getRunningAppProcesses: caller 10130 does not hold REAL_GET_TASKS; limiting output
W/ActivityManager( 1415): getRunningAppProcesses: caller 10130 does not hold REAL_GET_TASKS; limiting output
V/ActivityManager( 1415): Ensuring correct configuration: ActivityRecord{f832262 u0 com.babytree.apps.pregnancy/com.meitun.mama.ui.mine.ReceiveAddressActivity t266}
V/ActivityManager( 1415): Configuration unchanged in ActivityRecord{f832262 u0 com.babytree.apps.pregnancy/com.meitun.mama.ui.mine.ReceiveAddressActivity t266}
W/ActivityManager( 1415): getTasks: caller 10130 does not hold REAL_GET_TASKS; limiting output
V/ActivityManager( 1415): Ensuring correct configuration: ActivityRecord{1a2d2194 u0 com.babytree.apps.pregnancy/com.meitun.mama.ui.HomeActivity t266}
V/ActivityManager( 1415): Configuration unchanged in ActivityRecord{1a2d2194 u0 com.babytree.apps.pregnancy/com.meitun.mama.ui.HomeActivity t266}
V/ActivityManager( 1415): Ensuring correct configuration: ActivityRecord{1a2d2194 u0 com.babytree.apps.pregnancy/com.meitun.mama.ui.HomeActivity t266}
V/ActivityManager( 1415): Configuration unchanged in ActivityRecord{1a2d2194 u0 com.babytree.apps.pregnancy/com.meitun.mama.ui.HomeActivity t266}
W/ActivityManager( 1415): getRunningAppProcesses: caller 10130 does not hold REAL_GET_TASKS; limiting output
I/WindowManager( 1415): isKeyguardShowing = false, mKeyguardWindow.mAttrs.privateFlags = 0
V/ActivityManager( 1415): Ensuring correct configuration: ActivityRecord{1a2d2194 u0 com.babytree.apps.pregnancy/com.meitun.mama.ui.HomeActivity t266}
V/ActivityManager( 1415): Configuration unchanged in ActivityRecord{1a2d2194 u0 com.babytree.apps.pregnancy/com.meitun.mama.ui.HomeActivity t266}
V/ActivityManager( 1415): Ensuring correct configuration: ActivityRecord{1a2d2194 u0 com.babytree.apps.pregnancy/com.meitun.mama.ui.HomeActivity t266}
V/ActivityManager( 1415): Configuration unchanged in ActivityRecord{1a2d2194 u0 com.babytree.apps.pregnancy/com.meitun.mama.ui.HomeActivity t266}
W/ActivityManager( 1415): getTasks: caller 10130 does not hold REAL_GET_TASKS; limiting output
W/ActivityManager( 1415): getTasks: caller 10130 does not hold REAL_GET_TASKS; limiting output
W/ActivityManager( 1415): getRunningAppProcesses: caller 10130 does not hold REAL_GET_TASKS; limiting output
W/ActivityManager( 1415): getRunningAppProcesses: caller 10130 does not hold REAL_GET_TASKS; limiting output
W/ActivityManager( 1415): getRunningAppProcesses: caller 10130 does not hold REAL_GET_TASKS; limiting output
W/ActivityManager( 1415): getRunningAppProcesses: caller 10130 does not hold REAL_GET_TASKS; limiting output
W/ActivityManager( 1415): getRunningAppProcesses: caller 10130 does not hold REAL_GET_TASKS; limiting output
D/NetworkManagementService( 1415): hardware tether stats:NetworkStats: elapsedRealtime=3250138
D/NetworkManagementService( 1415): getNetworkStatsSummaryXt:NetworkStats: elapsedRealtime=3250138
D/NetworkManagementService( 1415):   [0] iface=wlan0 uid=-1 set=ALL tag=0x0 rxBytes=114204953 rxPackets=133718 txBytes=7622634 txPackets=94089 operations=0
D/NetworkManagementService( 1415):   [1] iface=rmnet_data7 uid=-1 set=ALL tag=0x0 rxBytes=468 rxPackets=6 txBytes=586 txPackets=9 operations=0
D/NetworkManagementService( 1415):   [2] iface=lo uid=-1 set=ALL tag=0x0 rxBytes=222681 rxPackets=341 txBytes=222681 txPackets=341 operations=0
D/NetworkManagementService( 1415): hardware tether stats:NetworkStats: elapsedRealtime=3250139
D/NetworkManagementService( 1415): getNetworkStatsSummaryDev:NetworkStats: elapsedRealtime=3250140
D/NetworkManagementService( 1415):   [0] iface=wlan0 uid=-1 set=ALL tag=0x0 rxBytes=115022692 rxPackets=150864 txBytes=8945540 txPackets=94171 operations=0
D/NetworkManagementService( 1415):   [1] iface=rmnet_data7 uid=-1 set=ALL tag=0x0 rxBytes=468 rxPackets=6 txBytes=660 txPackets=9 operations=0
D/NetworkManagementService( 1415):   [2] iface=lo uid=-1 set=ALL tag=0x0 rxBytes=222681 rxPackets=341 txBytes=222681 txPackets=341 operations=0
V/WindowManager( 1415): not Base app: Adding window Window{178b79c2 u0 com.babytree.apps.pregnancy/com.meitun.mama.ui.HomeActivity} at 7 of 12
V/ResourcesManager(22659): Skipping new config: curSeq=5, newSeq=5
V/ResourcesManager(22659): Skipping new config: curSeq=5, newSeq=5
W/ActivityManager( 1415): getRunningAppProcesses: caller 10130 does not hold REAL_GET_TASKS; limiting output
D/NetworkManagementService( 1415): hardware tether stats:NetworkStats: elapsedRealtime=3259363
D/NetworkManagementService( 1415): getNetworkStatsSummaryXt:NetworkStats: elapsedRealtime=3259365
D/NetworkManagementService( 1415):   [0] iface=wlan0 uid=-1 set=ALL tag=0x0 rxBytes=116226694 rxPackets=135517 txBytes=7730962 txPackets=95725 operations=0
D/NetworkManagementService( 1415):   [1] iface=rmnet_data7 uid=-1 set=ALL tag=0x0 rxBytes=468 rxPackets=6 txBytes=586 txPackets=9 operations=0
D/NetworkManagementService( 1415):   [2] iface=lo uid=-1 set=ALL tag=0x0 rxBytes=222681 rxPackets=341 txBytes=222681 txPackets=341 operations=0
D/NetworkManagementService( 1415): hardware tether stats:NetworkStats: elapsedRealtime=3259365
D/NetworkManagementService( 1415): getNetworkStatsSummaryDev:NetworkStats: elapsedRealtime=3259366
D/NetworkManagementService( 1415):   [0] iface=wlan0 uid=-1 set=ALL tag=0x0 rxBytes=117045624 rxPackets=152686 txBytes=9076772 txPackets=95807 operations=0
D/NetworkManagementService( 1415):   [1] iface=rmnet_data7 uid=-1 set=ALL tag=0x0 rxBytes=468 rxPackets=6 txBytes=660 txPackets=9 operations=0
D/NetworkManagementService( 1415):   [2] iface=lo uid=-1 set=ALL tag=0x0 rxBytes=222681 rxPackets=341 txBytes=222681 txPackets=341 operations=0
V/ActivityManager( 1415): Starting activity when config will change = false
I/ActivityManager( 1415): START u0 {cmp=com.babytree.apps.pregnancy/com.meitun.mama.ui.CommonActivity (has extras)} from uid 10130 on display 0
V/WindowManager( 1415): addAppToken: AppWindowToken{206bdc28 token=Token{13063a4b ActivityRecord{fa27f1a u0 com.babytree.apps.pregnancy/com.meitun.mama.ui.CommonActivity t266}}} to stack=1 task=266 at 2
V/ActivityManager( 1415): Ensuring correct configuration: ActivityRecord{fa27f1a u0 com.babytree.apps.pregnancy/com.meitun.mama.ui.CommonActivity t266}
V/ActivityManager( 1415): Configuration unchanged in ActivityRecord{fa27f1a u0 com.babytree.apps.pregnancy/com.meitun.mama.ui.CommonActivity t266}
V/ActivityManager( 1415): Ensuring correct configuration: ActivityRecord{fa27f1a u0 com.babytree.apps.pregnancy/com.meitun.mama.ui.CommonActivity t266}
V/ActivityManager( 1415): Configuration unchanged in ActivityRecord{fa27f1a u0 com.babytree.apps.pregnancy/com.meitun.mama.ui.CommonActivity t266}
V/ActivityThread(22659): Handle configuration changed: {1.0 ?mcc?mnc zh_CN ?layoutDir sw360dp w360dp h617dp 480dpi nrml long port finger -keyb/v/h -nav/h s.5 themeId=0, affectGlobal:true}
V/ResourcesManager(22659): Skipping new config: curSeq=5, newSeq=5
V/ActivityThread(22659): Launching activity com.meitun.mama.ui.CommonActivity with config {1.0 ?mcc?mnc zh_CN ?layoutDir sw360dp w360dp h617dp 480dpi nrml long port finger -keyb/v/h -nav/h s.5 themeId=0, affectGlobal:true}
--------- beginning of main
V/MicroMsg.SDK.WXApiImplV10.ActivityLifecycleCb(22659): com.meitun.mama.ui.CommonActivity  onActivityResumed
D/yuan    (22659): onVisibilityChanged----com.handmark.pulltorefresh.library.PullToRefreshListView$b{384bbfc0 GFED..C. ......I. 0,0-0,0 #102000a android:id/list}
I/ViewRootImpl(22659): CPU Rendering VSync enable = true
I/TDLog   (22659): [Session] - Same session as before!
D/yuan    (22659): onVisibilityChanged----com.handmark.pulltorefresh.library.PullToRefreshListView$b{384bbfc0 GFED..C. ......I. 0,0-0,0 #102000a android:id/list}
V/WindowManager( 1415): Adding window Window{23d972e6 u0 com.babytree.apps.pregnancy/com.meitun.mama.ui.CommonActivity} at 7 of 12 (after Window{259e117e u0 com.babytree.apps.pregnancy/com.meitun.mama.ui.HomeActivity})
D/manager disable: < ( 1415): BEGIN disableLocked(0, 0, android.os.Binder@d2326b1, Window{23d972e6 u0 com.babytree.apps.pregnancy/com.meitun.mama.ui.CommonActivity})
I/PullToRefresh(22659): refreshLoadingViewsSize
V/ResourcesManager(22659): Skipping new config: curSeq=5, newSeq=5
V/ResourcesManager(22659): Skipping new config: curSeq=5, newSeq=5
I/WindowManager( 1415): isKeyguardShowing = false, mKeyguardWindow.mAttrs.privateFlags = 0
I/ActivityManager( 1415): Displayed com.babytree.apps.pregnancy/com.meitun.mama.ui.CommonActivity: +127ms
I/Timeline(22659): Timeline: Activity_idle id: android.os.BinderProxy@1f7c541c time:3196324
V/ActivityManager( 1415): Ensuring correct configuration: ActivityRecord{fa27f1a u0 com.babytree.apps.pregnancy/com.meitun.mama.ui.CommonActivity t266}
V/ActivityManager( 1415): Configuration no differences in ActivityRecord{fa27f1a u0 com.babytree.apps.pregnancy/com.meitun.mama.ui.CommonActivity t266}
D/yuan    (22659): onVisibilityChanged----com.handmark.pulltorefresh.library.PullToRefreshListView$b{384bbfc0 VFED..C. ......I. 0,0-0,0 #102000a android:id/list}
D/yuan    (22659): onVisibilityChanged----com.handmark.pulltorefresh.library.PullToRefreshListView$b{384bbfc0 GFED..C. ......I. 0,0-0,0 #102000a android:id/list}
D/UTAnalytics:CommitTask(22708): pid:22708 check&commit event:65502,
D/UTAnalytics:CommitTask(22708): pid:22708 next:65502,
D/UTAnalytics:CommitTask(22708): pid:22708 check&commit event:65503,
D/UTAnalytics:CommitTask(22708): pid:22708 check&commit event:65133,
D/UTAnalytics:CommitTask(22708): pid:22708 next:65503,
D/UTAnalytics:CommitTask(22708): pid:22708 next:65133,
D/UTAnalytics:CommitTask(22708): pid:22708 check&commit event:65501,
D/UTAnalytics:CommitTask(22708): pid:22708 next:65501,
D/yuan    (22659): onVisibilityChanged----com.handmark.pulltorefresh.library.PullToRefreshListView$b{384bbfc0 VFED..C. ......I. 0,0-0,0 #102000a android:id/list}
W/MAA     (22659): [default-agent]: getAddress
W/MAA     (22659): [default-agent]: getAddress
W/MAA     (22659): [default-agent]: getAddress
W/MAA     (22659): [default-agent]: getAddress
W/MAA     (22659): [default-agent]: getAddress
V/ActivityManager( 1415): Ensuring correct configuration: ActivityRecord{fa27f1a u0 com.babytree.apps.pregnancy/com.meitun.mama.ui.CommonActivity t266}
V/ActivityManager( 1415): Configuration unchanged in ActivityRecord{fa27f1a u0 com.babytree.apps.pregnancy/com.meitun.mama.ui.CommonActivity t266}
D/yuan    (22659): onVisibilityChanged----com.handmark.pulltorefresh.library.PullToRefreshListView$b{3617eb2f VFED..C. .......D 0,0-1080,1428 #102000a android:id/list}
D/yuan    (22659): onVisibilityChanged----com.meitun.mama.widget.NoScrollGridView{24e2ed45 VFED.VC. ......ID 0,122-1080,9854 #7f0e08ec app:id/gv_product}
W/ActivityManager( 1415): getTasks: caller 10130 does not hold REAL_GET_TASKS; limiting output
I/SurfaceFlinger(  435): FPS: 54
W/MAA     (22659): [default-agent]: getAddress
W/MAA     (22659): [default-agent]: getAddress
W/MAA     (22659): [default-agent]: getAddress
W/MAA     (22659): [default-agent]: getAddress
W/MAA     (22659): [default-agent]: getAddress
W/MAA     (22659): [default-agent]: getAddress
I/SettingsProvider( 1415): system <- name=listview_oversroll value=1 for user 0
D/SettingsProvider( 1415): lookupValue table system cache contains Key time_12_24 , value = Bundle[{value=24}]
W/BackupManagerService( 1415): dataChanged but no participant pkg='com.android.providers.settings' uid=10130
W/MAA     (22659): [default-agent]: getAddress
W/MAA     (22659): [default-agent]: getAddress
I/SurfaceFlinger(  435): FPS: 46
D/SettingsProvider( 1415): lookupValue table system cache contains Key floatmode , value = Bundle[{value=0}]
D/SettingsProvider( 1415): lookupValue table system cache contains Key floatmode , value = Bundle[{value=0}]
D/SettingsProvider( 1415): lookupValue table system cache contains Key sound_effects_enabled , value = Bundle[{value=0}]
I/SettingsProvider( 1415): system <- name=listview_oversroll value=0 for user 0
D/SettingsProvider( 1415): lookupValue table system cache contains Key floatmode , value = Bundle[{value=0}]
D/SettingsProvider( 1415): lookupValue table system cache contains Key time_12_24 , value = Bundle[{value=24}]
W/BackupManagerService( 1415): dataChanged but no participant pkg='com.android.providers.settings' uid=10130
D/AndroidRuntime(22659): Shutting down VM
D/MtaSDK  (22659): [main(1): null:-1] - MTA has caught the following uncaught exception:
E/MtaSDK  (22659): 
E/MtaSDK  (22659): java.lang.IndexOutOfBoundsException: Invalid index 2, size is 2
E/MtaSDK  (22659): 	at java.util.ArrayList.throwIndexOutOfBoundsException(ArrayList.java:255)
E/MtaSDK  (22659): 	at java.util.ArrayList.get(ArrayList.java:308)
E/MtaSDK  (22659): 	at android.widget.HeaderViewListAdapter.getView(HeaderViewListAdapter.java:225)
E/MtaSDK  (22659): 	at android.widget.AbsListView.obtainView(AbsListView.java:2420)
E/MtaSDK  (22659): 	at android.widget.ListView.makeAndAddView(ListView.java:1864)
E/MtaSDK  (22659): 	at android.widget.ListView.fillDown(ListView.java:698)
E/MtaSDK  (22659): 	at android.widget.ListView.fillGap(ListView.java:662)
E/MtaSDK  (22659): 	at android.widget.AbsListView.trackMotionScroll(AbsListView.java:5236)
E/MtaSDK  (22659): 	at android.widget.AbsListView$FlingRunnable.run(AbsListView.java:4753)
E/MtaSDK  (22659): 	at android.view.Choreographer$CallbackRecord.run(Choreographer.java:805)
E/MtaSDK  (22659): 	at android.view.Choreographer.doCallbacks(Choreographer.java:618)
E/MtaSDK  (22659): 	at android.view.Choreographer.doFrame(Choreographer.java:587)
E/MtaSDK  (22659): 	at android.view.Choreographer$FrameDisplayEventReceiver.run(Choreographer.java:791)
E/MtaSDK  (22659): 	at android.os.Handler.handleCallback(Handler.java:739)
E/MtaSDK  (22659): 	at android.os.Handler.dispatchMessage(Handler.java:95)
E/MtaSDK  (22659): 	at android.os.Looper.loop(Looper.java:135)
E/MtaSDK  (22659): 	at android.app.ActivityThread.main(ActivityThread.java:5413)
E/MtaSDK  (22659): 	at java.lang.reflect.Method.invoke(Native Method)
E/MtaSDK  (22659): 	at java.lang.reflect.Method.invoke(Method.java:372)
E/MtaSDK  (22659): 	at com.android.internal.os.ZygoteInit$MethodAndArgsCaller.run(ZygoteInit.java:1037)
E/MtaSDK  (22659): 	at com.android.internal.os.ZygoteInit.main(ZygoteInit.java:832)
I/MID     (22659): read mid from Settings.System
D/SettingsProvider( 1415): lookupValue table system cache contains Key __MTA_DEVICE_INFO__ , value = Bundle[{value=xjgD6zAYj0802BCD0ZxA5HaSIZd94Xm8SnAJpFaX2fJiJEJmgr3XhLY0SmT7GnMJQUN0x+dWSUw/FHJM+FvbZgMOl/Nq45HEULSkRCXxu+on9vYRctc7VUBk9iNMQE4hIAZox+SCzb5dMF8zw0yDamKqNkXu}]
E/AndroidRuntime(22659): FATAL EXCEPTION: main
E/AndroidRuntime(22659): Process: com.babytree.apps.pregnancy, PID: 22659
E/AndroidRuntime(22659): java.lang.Throwable: 
