D/BatteryService( 1415): Processing new values: chargerAcOnline=false, chargerUsbOnline=false, chargerWirelessOnline=false, batteryStatus=3, batteryHealth=2, batteryPresent=true, batteryLevel=76, batteryTechnology=Li-ion, batteryVoltage=4122, batteryTemperature=285, mBatteryLevelCritical=false, mPlugType=0
I/rmt_storage(  437): rmt_storage_connect_cb: clnt_h=0x38 conn_h=0x5576c34e80
I/rmt_storage(  437): rmt_storage_rw_iovec_cb: /boot/modem_fs2: clnt_h=0x38: req_h=0x38 msg_id=3: R/W request received
I/rmt_storage(  437): wakelock acquired: 1, error no: 42
I/rmt_storage(  437): rmt_storage_client_thread: /boot/modem_fs2: clnt_h=0x38 Unblock worker thread (th_id: 367064732320)
I/rmt_storage(  437): rmt_storage_client_thread: /boot/modem_fs2: clnt_h=0x38: req_h=0x38 msg_id=3: Bytes written = 1572864
I/rmt_storage(  437): rmt_storage_client_thread: /boot/modem_fs2: clnt_h=0x38: req_h=0x38 msg_id=3: Send response: res=0 err=0
I/rmt_storage(  437): rmt_storage_client_thread: /boot/modem_fs2: clnt_h=0x38 About to block rmt_storage client thread (th_id: 367064732320) wakelock released: 1, error no: 0
I/rmt_storage(  437): 
V/slim_daemon(  550): [MAIN] run: Got IPC: 9902 from 0
I/rmt_storage(  437): rmt_storage_disconnect_cb: clnt_h=0x38 conn_h=0x5576c34e80
V/VivoStats( 1415): noteBatteryState plugType = 2, level = 76
V/PowerEffectManager( 2430): noteBatteryState onBattery = false
V/PowerEffectManager( 2430): noteBatteryState onBattery = false, level = 76
V/ExtBatteryStats( 2430): send msg : 4
V/ExtBatteryStats( 2430): syncData mVUid.mUid = 10130, mVUid.mTotalScreenPower = 0.0mAh, curScreenPower = 1979506.0103967974mAs, mLastResumeScreenPower = 1982936.050403086mAs, curRealTime = 3340355ms, mLastResumeScreenTime = 3333735ms, mVUid.mTotalGpuPower = 0.0022575777777819896mAh, curGpuPower = 362202.77021999995mAs, mLastResumeGpuPower = 362201.39373999997mAs, curGpuTime = 2251141ms, mLastResumeGpuTime = 2251133ms
E/NetlinkEvent(  434): NetlinkEvent::FindParam(): Parameter 'ALERT_NAME' not found
E/NetlinkEvent(  444): NetlinkEvent::FindParam(): Parameter 'ALERT_NAME' not found
E/NetlinkEvent(  434): NetlinkEvent::FindParam(): Parameter 'ALERT_NAME' not found
E/NetlinkEvent(  444): NetlinkEvent::FindParam(): Parameter 'ALERT_NAME' not found
D/BatteryService( 1415): Processing new values: chargerAcOnline=false, chargerUsbOnline=true, chargerWirelessOnline=false, batteryStatus=4, batteryHealth=2, batteryPresent=true, batteryLevel=76, batteryTechnology=Li-ion, batteryVoltage=4122, batteryTemperature=285, mBatteryLevelCritical=false, mPlugType=2
E/NetlinkEvent(  444): NetlinkEvent::FindParam(): Parameter 'ALERT_NAME' not found
E/NetlinkEvent(  434): NetlinkEvent::FindParam(): Parameter 'ALERT_NAME' not found
E/NetlinkEvent(  444): NetlinkEvent::FindParam(): Parameter 'ALERT_NAME' not found
E/NetlinkEvent(  434): NetlinkEvent::FindParam(): Parameter 'ALERT_NAME' not found
D/FeatureService( 1415): onReceive action android.intent.action.BATTERY_CHANGED
D/KeyguardUpdateMonitor( 2060): received broadcast android.intent.action.BATTERY_CHANGED
D/KeyguardUpdateMonitor( 2060): handleBatteryUpdate
I/KeyguardMagazineView( 2060): pluggedIn = true, isCharged = false, BatteryLevel = 76
I/PowerUI ( 2060): PowerUI, onReceive, action = android.intent.action.BATTERY_CHANGED
D/BatteryService( 1415): Sending ACTION_BATTERY_CHANGED.  level:76, scale:100, status:4, health:2, present:true, voltage: 4122, temperature: 285, technology: Li-ion, AC powered:false, USB powered:true, Wireless powered:false, icon:17303142, invalid charger:0
I/VNOILBS ( 1415): VNOILBS mScreenOn=true level=76 mCriticalBatteryLevel=3 mNotificationLowBatteryStates=true mNotificationChargeStates=true status=4
D/BatteryService( 1415): Processing new values: chargerAcOnline=false, chargerUsbOnline=true, chargerWirelessOnline=false, batteryStatus=2, batteryHealth=2, batteryPresent=true, batteryLevel=76, batteryTechnology=Li-ion, batteryVoltage=4122, batteryTemperature=285, mBatteryLevelCritical=false, mPlugType=2
D/BatteryService( 1415): Sending ACTION_BATTERY_CHANGED.  level:76, scale:100, status:2, health:2, present:true, voltage: 4122, temperature: 285, technology: Li-ion, AC powered:false, USB powered:true, Wireless powered:false, icon:17303156, invalid charger:0
I/VNOILBS ( 1415): VNOILBS mScreenOn=true level=76 mCriticalBatteryLevel=3 mNotificationLowBatteryStates=true mNotificationChargeStates=true status=2
D/BatteryService( 1415): Processing new values: chargerAcOnline=false, chargerUsbOnline=true, chargerWirelessOnline=false, batteryStatus=2, batteryHealth=2, batteryPresent=true, batteryLevel=76, batteryTechnology=Li-ion, batteryVoltage=4122, batteryTemperature=285, mBatteryLevelCritical=false, mPlugType=2
D/BatteryService( 1415): Processing new values: chargerAcOnline=false, chargerUsbOnline=true, chargerWirelessOnline=false, batteryStatus=2, batteryHealth=2, batteryPresent=true, batteryLevel=76, batteryTechnology=Li-ion, batteryVoltage=4094, batteryTemperature=285, mBatteryLevelCritical=false, mPlugType=2
D/BatteryService( 1415): Sending ACTION_BATTERY_CHANGED.  level:76, scale:100, status:2, health:2, present:true, voltage: 4094, temperature: 285, technology: Li-ion, AC powered:false, USB powered:true, Wireless powered:false, icon:17303156, invalid charger:0
I/VNOILBS ( 1415): VNOILBS mScreenOn=true level=76 mCriticalBatteryLevel=3 mNotificationLowBatteryStates=true mNotificationChargeStates=true status=2
D/WifiController( 1415): battery changed pluggedType: 2
D/PowerUI ( 2060): buckets   .....15 .. 10 .. 3
D/PowerUI ( 2060): level          76 --> 76
D/PowerUI ( 2060): status         3 --> 2
D/PowerUI ( 2060): plugType       0 --> 2
D/PowerUI ( 2060): invalidCharger 0 --> 0
D/PowerUI ( 2060): bucket         1 --> 1
D/PowerUI ( 2060): plugged        false --> true
I/WarningMessage( 2430): receiver: action isandroid.intent.action.BATTERY_CHANGED mBatteryPowerConnetDialog=false mShowChargerOverVoltageDialog=true
D/DeviceListener( 2430): ++onReceive++:android.intent.action.BATTERY_CHANGED
D/WaveOpenApplication( 2430): ACTION_USB_CONNECT
D/DeviceListener( 2430): onReceiveandroid.intent.action.BATTERY_CHANGED
I/UsbDeviceManagerService( 2430): mUsbReceiver action:android.intent.action.BATTERY_CHANGED mConnected:false mLastConnected:false
D/BatteryChangeReceiver( 3371): chargePlug =1
D/BatteryChangeReceiver( 3371): =76
D/ExtBatteryStats( 2430): [4] curtime=3274464,mTimePiece=3267845,curpixpower=78.6453892394328,piece=520.5538313758058
I/BatteryController( 2060): SystemUI|status = 2, mLastStatus = 3, mPluggedIn = true, mLastPluggedIn = false
I/BatteryController( 2060): SystemUI|mLevel = 76, mLastLevel = 76
I/BatteryController( 2060): SystemUI|updateBatteryStatus
D/SwitcherUpdateMonitor( 2060): receive broadcast, action = android.intent.action.BATTERY_CHANGED
D/KeyguardUpdateMonitor( 2060): received broadcast android.intent.action.BATTERY_CHANGED
I/PowerUI ( 2060): PowerUI, onReceive, action = android.intent.action.BATTERY_CHANGED
I/BatteryController( 2060): SystemUI|status = 2, mLastStatus = 2, mPluggedIn = true, mLastPluggedIn = true
I/EntropyMixer( 1415): Writing entropy...
D/PowerUI ( 2060): buckets   .....15 .. 10 .. 3
D/PowerUI ( 2060): level          76 --> 76
D/PowerUI ( 2060): status         2 --> 2
D/PowerUI ( 2060): plugType       2 --> 2
D/PowerUI ( 2060): invalidCharger 0 --> 0
D/PowerUI ( 2060): bucket         1 --> 1
D/PowerUI ( 2060): plugged        true --> true
I/BatteryController( 2060): SystemUI|mLevel = 76, mLastLevel = 76
D/SwitcherUpdateMonitor( 2060): receive broadcast, action = android.intent.action.BATTERY_CHANGED
D/KeyguardUpdateMonitor( 2060): handleBatteryUpdate
D/MediaPlayerService(  449): AddPlayer, (2430,41,1000) sourceType:0
V/NuPlayerDriver(  449): NuPlayerDriver(0xab2aff58)
V/NuPlayerDriver(  449): setDataSource(0xab2aff58) file(48)
V/NuPlayer(  449): kWhatSetAudioSink
I/NuPlayer(  449): This is local file play
V/NuPlayer(  449): kWhatSetDataSource
V/NuPlayerDriver(  449): prepareAsync(0xab2aff58)
D/BatteryChangeReceiver( 3371): 1
I/ContentPipe(  449): cache heat 0.00(1/1), cache efficiency 0.008(32/4096)
I/VivoExtractorHelper(  449): vivo sniff result: application/ogg
I/VivoExtractorHelper(  449): SniffMedia takes 0 msecs
V/MediaExtractor(  449): Autodetected media content as 'application/ogg' with confidence 1.00
I/ExtraAlarmManager( 1415): Uid : 1000, Package name is : android
D/ExtraAlarmManager( 1415): UID : 1000 is the the uid white list
D/ExtraAlarmManager( 1415): UID : 1000 is the the uid white list
I/ExtraAlarmManager( 1415): type: 2 retType: 2
V/AlarmAlign( 1415): addAlarm pkg = android, action = com.android.server.task.controllers.BatteryController.ACTION_CHARGING_STABLE, whenElapsed = 3460403
V/DeviceContext( 1415): mBroadcastReceiver - android.intent.action.ACTION_POWER_CONNECTED
V/DeviceContext( 1415): mChargeState - 0; chargerState - 1
D/Ulp_jni ( 1415): JNI:system_update. Event-2
D/LBSSystemMonitorService( 1415): handleMessage what - 11
D/DeviceContext( 1415): handleMessage what - 1
D/FeatureService( 1415): onReceive action android.intent.action.BATTERY_CHANGED
E/LocSvc_libulp( 1415): W/Loc HAL handshake did not happen yet...
D/WifiController( 1415): battery changed pluggedType: 2
I/SurfaceFlinger(  435): FPS: 3
D/ExtendedUtils(  449): extended extractor not needed, return default
I/MediaPlayer( 2430): prepared
E/MediaPlayer( 2430): Should have subtitle controller already set
D/Ringtone( 2430): Successfully created local player
I/MediaPlayer( 2430): reset
D/NuPlayerDriver(  449): reset(0xab2aff58)
D/NuPlayer(  449): resetAsync, mSource->disconnect() +++
D/NuPlayer(  449): resetAsync, mSource->disconnect() ---
V/NuPlayer(  449): kWhatReset
V/NuPlayer(  449): performDecoderFlush audio=2, video=2
V/NuPlayer(  449): performReset
D/NuPlayerDriver(  449): reset STATE_RESET_IN_PROGRESS +++
D/NuPlayerDriver(  449): notifyResetComplete(0xab2aff58)
D/NuPlayerDriver(  449): reset STATE_RESET_IN_PROGRESS ---
D/NuPlayerDriver(  449): reset(0xab2aff58)
V/NuPlayerDriver(  449): ~NuPlayerDriver(0xab2aff58)
D/MediaPlayerService(  449): RemovePlayer, (2430,41,1000)
D/MediaPlayerService(  449): AddPlayer, (2430,42,1000) sourceType:0
V/NuPlayerDriver(  449): NuPlayerDriver(0xab2aff58)
V/NuPlayerDriver(  449): setDataSource(0xab2aff58) file(48)
I/NuPlayer(  449): This is local file play
V/NuPlayer(  449): kWhatSetAudioSink
V/NuPlayer(  449): kWhatSetDataSource
V/NuPlayerDriver(  449): prepareAsync(0xab2aff58)
I/ContentPipe(  449): cache heat 0.00(1/1), cache efficiency 0.008(32/4096)
I/VivoExtractorHelper(  449): vivo sniff result: application/ogg
I/VivoExtractorHelper(  449): SniffMedia takes 0 msecs
V/MediaExtractor(  449): Autodetected media content as 'application/ogg' with confidence 1.00
D/ExtendedUtils(  449): extended extractor not needed, return default
I/MediaPlayer( 2430): prepared
E/MediaPlayer( 2430): Should have subtitle controller already set
D/Ringtone( 2430): Successfully created local player
I/WarningMessage( 2430): receiver: action isandroid.intent.action.ACTION_POWER_CONNECTED mBatteryPowerConnetDialog=false mShowChargerOverVoltageDialog=true
I/WarningMessage( 2430): receiver: power connected
I/WarningMessage( 2430): receiver: action isandroid.intent.action.BATTERY_CHANGED mBatteryPowerConnetDialog=true mShowChargerOverVoltageDialog=true
D/DeviceListener( 2430): ++onReceive++:android.intent.action.BATTERY_CHANGED
D/DeviceListener( 2430): onReceiveandroid.intent.action.BATTERY_CHANGED
I/UsbDeviceManagerService( 2430): mUsbReceiver action:android.intent.action.BATTERY_CHANGED mConnected:false mLastConnected:false
E/MediaPlayer( 2430): Should have subtitle controller already set
E/NetlinkEvent(  444): NetlinkEvent::FindParam(): Parameter 'ALERT_NAME' not found
E/NetlinkEvent(  434): NetlinkEvent::FindParam(): Parameter 'ALERT_NAME' not found
D/BatteryService( 1415): Processing new values: chargerAcOnline=false, chargerUsbOnline=true, chargerWirelessOnline=false, batteryStatus=2, batteryHealth=2, batteryPresent=true, batteryLevel=76, batteryTechnology=Li-ion, batteryVoltage=4094, batteryTemperature=285, mBatteryLevelCritical=false, mPlugType=2
I/MSM-irqbalance(  720): Decided to move IRQ200 from CPU2 to CPU3
E/qti_sensors_hal( 1415): w_orient output WORT -1 79 0
V/WindowOrientationListener( 1415): w_orient: framework Raw window_orientation data: x=-1.0, y=79.0, z=0.0
V/WindowOrientationListener( 1415): w_orient: oldProposedRotation=0 proposedRotation=-1
E/qti_sensors_hal( 1415): w_orient output WORT -1 82 0
V/WindowOrientationListener( 1415): w_orient: framework Raw window_orientation data: x=-1.0, y=82.0, z=0.0
V/WindowOrientationListener( 1415): w_orient: oldProposedRotation=-1 proposedRotation=-1
E/qti_sensors_hal( 1415): w_orient output WORT -1 84 0
V/WindowOrientationListener( 1415): w_orient: framework Raw window_orientation data: x=-1.0, y=84.0, z=0.0
V/WindowOrientationListener( 1415): w_orient: oldProposedRotation=-1 proposedRotation=-1
E/qti_sensors_hal( 1415): w_orient output WORT -1 86 0
V/WindowOrientationListener( 1415): w_orient: framework Raw window_orientation data: x=-1.0, y=86.0, z=0.0
V/WindowOrientationListener( 1415): w_orient: oldProposedRotation=-1 proposedRotation=-1
E/qti_sensors_hal( 1415): w_orient output WORT -1 87 0
V/WindowOrientationListener( 1415): w_orient: framework Raw window_orientation data: x=-1.0, y=87.0, z=0.0
V/WindowOrientationListener( 1415): w_orient: oldProposedRotation=-1 proposedRotation=-1
I/MediaPlayer( 2430): reset
D/NuPlayerDriver(  449): reset(0xab2aff58)
D/NuPlayer(  449): resetAsync, mSource->disconnect() +++
D/NuPlayer(  449): resetAsync, mSource->disconnect() ---
V/NuPlayer(  449): kWhatReset
V/NuPlayer(  449): performDecoderFlush audio=2, video=2
V/NuPlayer(  449): performReset
D/NuPlayerDriver(  449): reset STATE_RESET_IN_PROGRESS +++
D/NuPlayerDriver(  449): notifyResetComplete(0xab2aff58)
D/NuPlayerDriver(  449): reset STATE_RESET_IN_PROGRESS ---
I/UsbDeviceManagerService( 2430): Rington is stoped
D/NuPlayerDriver(  449): reset(0xab2aff58)
V/NuPlayerDriver(  449): ~NuPlayerDriver(0xab2aff58)
D/MediaPlayerService(  449): RemovePlayer, (2430,42,1000)
E/NetlinkEvent(  434): NetlinkEvent::FindParam(): Parameter 'ALERT_NAME' not found
E/NetlinkEvent(  444): NetlinkEvent::FindParam(): Parameter 'ALERT_NAME' not found
D/BatteryService( 1415): Processing new values: chargerAcOnline=false, chargerUsbOnline=true, chargerWirelessOnline=false, batteryStatus=2, batteryHealth=2, batteryPresent=true, batteryLevel=76, batteryTechnology=Li-ion, batteryVoltage=4094, batteryTemperature=285, mBatteryLevelCritical=false, mPlugType=2
E/NetlinkEvent(  444): NetlinkEvent::FindParam(): Parameter 'ALERT_NAME' not found
E/NetlinkEvent(  434): NetlinkEvent::FindParam(): Parameter 'ALERT_NAME' not found
D/BatteryService( 1415): Processing new values: chargerAcOnline=false, chargerUsbOnline=true, chargerWirelessOnline=false, batteryStatus=2, batteryHealth=2, batteryPresent=true, batteryLevel=76, batteryTechnology=Li-ion, batteryVoltage=4094, batteryTemperature=285, mBatteryLevelCritical=false, mPlugType=2
E/NetlinkEvent(  444): NetlinkEvent::FindParam(): Parameter 'ALERT_NAME' not found
D/BatteryService( 1415): Processing new values: chargerAcOnline=false, chargerUsbOnline=true, chargerWirelessOnline=false, batteryStatus=2, batteryHealth=2, batteryPresent=true, batteryLevel=76, batteryTechnology=Li-ion, batteryVoltage=4094, batteryTemperature=285, mBatteryLevelCritical=false, mPlugType=2
E/NetlinkEvent(  434): NetlinkEvent::FindParam(): Parameter 'ALERT_NAME' not found
D/KeyguardUpdateMonitor( 2060): received broadcast android.intent.action.BATTERY_CHANGED
I/PowerUI ( 2060): PowerUI, onReceive, action = android.intent.action.BATTERY_CHANGED
E/NetlinkEvent(  444): NetlinkEvent::FindParam(): Parameter 'ALERT_NAME' not found
D/BatteryService( 1415): Processing new values: chargerAcOnline=false, chargerUsbOnline=true, chargerWirelessOnline=false, batteryStatus=2, batteryHealth=2, batteryPresent=true, batteryLevel=76, batteryTechnology=Li-ion, batteryVoltage=4094, batteryTemperature=287, mBatteryLevelCritical=false, mPlugType=2
D/BatteryService( 1415): Sending ACTION_BATTERY_CHANGED.  level:76, scale:100, status:2, health:2, present:true, voltage: 4094, temperature: 287, technology: Li-ion, AC powered:false, USB powered:true, Wireless powered:false, icon:17303156, invalid charger:0
I/VNOILBS ( 1415): VNOILBS mScreenOn=true level=76 mCriticalBatteryLevel=3 mNotificationLowBatteryStates=true mNotificationChargeStates=true status=2
E/NetlinkEvent(  434): NetlinkEvent::FindParam(): Parameter 'ALERT_NAME' not found
D/PowerUI ( 2060): buckets   .....15 .. 10 .. 3
D/PowerUI ( 2060): level          76 --> 76
D/PowerUI ( 2060): status         2 --> 2
D/PowerUI ( 2060): plugType       2 --> 2
D/PowerUI ( 2060): invalidCharger 0 --> 0
D/PowerUI ( 2060): bucket         1 --> 1
D/PowerUI ( 2060): plugged        true --> true
D/FeatureService( 1415): onReceive action android.intent.action.BATTERY_CHANGED
I/WarningMessage( 2430): receiver: action isandroid.intent.action.BATTERY_CHANGED mBatteryPowerConnetDialog=true mShowChargerOverVoltageDialog=true
D/DeviceListener( 2430): ++onReceive++:android.intent.action.BATTERY_CHANGED
D/DeviceListener( 2430): onReceiveandroid.intent.action.BATTERY_CHANGED
I/UsbDeviceManagerService( 2430): mUsbReceiver action:android.intent.action.BATTERY_CHANGED mConnected:false mLastConnected:false
D/KeyguardUpdateMonitor( 2060): handleBatteryUpdate
I/BatteryController( 2060): SystemUI|status = 2, mLastStatus = 2, mPluggedIn = true, mLastPluggedIn = true
I/BatteryController( 2060): SystemUI|mLevel = 76, mLastLevel = 76
D/SwitcherUpdateMonitor( 2060): receive broadcast, action = android.intent.action.BATTERY_CHANGED
D/WifiController( 1415): battery changed pluggedType: 2
I/UsageStatsService( 1415): User[0] Flushing usage stats to disk
V/PowerMonitor( 2430): prepare_plug mPasstime = 50, mPassUptime = 50, curRealtimeMs = 3350365, mEverScreenOn = true, mCriticalPower = 0.00000002, mHighPower = 1.50, mDownloadRate = 291271
I/MSM-irqbalance(  720): Decided to move IRQ203 from CPU0 to CPU1
I/ServiceManager(24388): Waiting for service AtCmdFwd...
I/ServiceManager(24388): Waiting for service AtCmdFwd...
I/ServiceManager(24388): Waiting for service AtCmdFwd...
E/NetlinkEvent(  434): NetlinkEvent::FindParam(): Parameter 'ALERT_NAME' not found
E/NetlinkEvent(  444): NetlinkEvent::FindParam(): Parameter 'ALERT_NAME' not found
D/BatteryService( 1415): Processing new values: chargerAcOnline=false, chargerUsbOnline=true, chargerWirelessOnline=false, batteryStatus=2, batteryHealth=2, batteryPresent=true, batteryLevel=76, batteryTechnology=Li-ion, batteryVoltage=4094, batteryTemperature=287, mBatteryLevelCritical=false, mPlugType=2
E/NetlinkEvent(  434): NetlinkEvent::FindParam(): Parameter 'ALERT_NAME' not found
E/NetlinkEvent(  444): NetlinkEvent::FindParam(): Parameter 'ALERT_NAME' not found
D/BatteryService( 1415): Processing new values: chargerAcOnline=false, chargerUsbOnline=true, chargerWirelessOnline=false, batteryStatus=2, batteryHealth=2, batteryPresent=true, batteryLevel=76, batteryTechnology=Li-ion, batteryVoltage=4094, batteryTemperature=287, mBatteryLevelCritical=false, mPlugType=2
E/NetlinkEvent(  444): NetlinkEvent::FindParam(): Parameter 'ALERT_NAME' not found
D/BatteryService( 1415): Processing new values: chargerAcOnline=false, chargerUsbOnline=true, chargerWirelessOnline=false, batteryStatus=2, batteryHealth=2, batteryPresent=true, batteryLevel=76, batteryTechnology=Li-ion, batteryVoltage=4094, batteryTemperature=287, mBatteryLevelCritical=false, mPlugType=2
E/NetlinkEvent(  434): NetlinkEvent::FindParam(): Parameter 'ALERT_NAME' not found
I/ServiceManager(24388): Waiting for service AtCmdFwd...
E/NetlinkEvent(  434): NetlinkEvent::FindParam(): Parameter 'ALERT_NAME' not found
E/NetlinkEvent(  444): NetlinkEvent::FindParam(): Parameter 'ALERT_NAME' not found
D/BatteryService( 1415): Processing new values: chargerAcOnline=false, chargerUsbOnline=true, chargerWirelessOnline=false, batteryStatus=2, batteryHealth=2, batteryPresent=true, batteryLevel=76, batteryTechnology=Li-ion, batteryVoltage=4094, batteryTemperature=287, mBatteryLevelCritical=false, mPlugType=2
I/ServiceManager(24388): Waiting for service AtCmdFwd...
D/awcn.DefaultHeartbeatImpl(22659):  heartbeat session:Session[AWCN1_1|http2_0rtt_acs]
D/awcn.TnetSpdySession(22659): |[seq:AWCN1_1] ping host:https://acs4public.m.taobao.com thread:AWCN Scheduler1
D/awcn.TnetSpdySession(22659): |[seq:AWCN1_1] https://acs4public.m.taobao.com submit ping ms:45052 force:true
I/awcn.TnetSpdySession(22659): |[seq:AWCN1_1] ping receive Host:https://acs4public.m.taobao.com id:33
I/MSM-irqbalance(  720): Decided to move IRQ200 from CPU0 to CPU1
I/VivoNetworkController( 2060): SystemUI|mWifiEnabled && mWifiConnected = true
W/Atfwd_Sendcmd(24388): AtCmdFwd service not published, waiting... retryCnt : 5
I/SurfaceFlinger(  435): FPS: 1
I/VivoNetworkController( 2060): SystemUI|mWifiEnabled && mWifiConnected = true
I/SurfaceFlinger(  435): FPS: 1
I/MSM-irqbalance(  720): Decided to move IRQ203 from CPU0 to CPU1
I/ViewRootImpl( 6749): CPU Rendering VSync enable = true
I/FloatWindowManagerService( 2267): get action is : vivo.intent.action.CHECK_ALERT_WINDOW
I/SurfaceFlinger(  435): FPS: 1
V/ResourcesManager( 6749): Skipping new config: curSeq=5, newSeq=5
V/WindowManager( 1415): Adding window Window{e267301 u0 SurfaceView} at 8 of 15 (before Window{c24aa0b u0 com.bbk.facewake})
I/CameraClient(  449): Opening camera 1
E/mm-camera(  489): module_sensor_init_session:977otp version 0
E/mm-camera-sensor(  489): sensor_sdk_util_get_kernel_i2c_addr_type:26Invalid addr_type = 0
E/mm-camera-sensor(  489): sensor_sdk_util_get_kernel_i2c_data_type:40Invalid addr_type = 0
E/mm-camera(  489): sensor_get_cur_chromatix_name:2518Error: Load default preview chroamtix
E/AEC_PORT(  489): aec_port_query_capabilities:334  Get AEC version function not implemented
E/hdr     (  489): module_hdr_lib_query_mod:181] Supported scenemode cnt 2
E/AEC_PORT(  489): aec_port_set_session_data:442  3A VERSION --> 5.0.0.r1
E/mm-camera-CORE(  489): af_alg_DCIAF_create:1592  Creation Successful
E/mm-camera-sensor(  489): port_sensor_caps_reserve:86session id doesn't match
E/mm-camera-sensor(  489): port_sensor_caps_reserve:86session id doesn't match
I/qdhwcomposer(  435): setCameraStatus  Not 8952?? return
W/Sensors (  662): sns_acm_mr.c(777):Request made to disabled service 20
W/Sensors (  662): sns_main.c(1340):Error writing request. sns_err 3 error 0 qmi_err 0
E/mm-camera-CORE(  489): dsps_process_response_gravity:804  dsps_process_response_gravity: Enable Request failed (err: 3)
E/mm-camera-CORE(  489): dsps_process_response_gyro:727  dsps_process_response_gyro: Request denied, error code = 5
I/Thermal-Lib(  449): Thermal-Lib-Client: Registraion successful for camera with handle:1
I/Thermal-Lib(  449): Thermal-Lib-Client: Registraion successful for camcorder with handle:2
I/ThermalEngine(  464): Thermal-Server: Adding thermal event listener on fd 13
I/Thermal-Lib(  449): Thermal-Lib-Client: Client received msg camera 0
I/Thermal-Lib(  449): Thermal-Lib-Client: Client received msg camcorder 0
E/mm-camera(  489): sensor_get_cur_chromatix_name:2518Error: Load default preview chroamtix
E/mm-camera-CORE(  489): af_port_set_haf_enable:2318  PDAF is being disabled as supported=0 and LIB Presence=1
E/mm-camera-CORE(  489): af_port_set_haf_enable:2324  DCiAF is being disabled
E/mm-camera-CORE(  489): af_port_set_haf_enable:2333  VIVO PDAF is being disabled as supported=0 and LIB Presence=1
E/mm-camera-CORE(  489): aec_calculate_sensitivity:190  Set sensor configuration has not been set
E/mm-camera-CORE(  489): aec_set_fps_range:1008  Aec_Error invalid input 364 
E/mm-camera-CORE(  489): af_haf_update_tuning_data:782  ERROR: HAF init pos is invalid, disable set init pos
E/mm-camera-CORE(  489): af_haf_mixer_active_algo_selection:251  af_haf_mixer_active_algo_selection:ERROR! Unable to find active mixer algo !! 
E/mm-camera-CORE(  489): af_haf_update_tuning_data:795  af_haf_update_tuning_data: ERROR, set_tuning()!
E/mm-camera(  489): iface_util_set_hfr: can't find hw stream, only save hfr mode
D/MediaPlayerService(  449): AddPlayer, (449,43,1013) sourceType:0
V/NuPlayerDriver(  449): NuPlayerDriver(0xab2c09d8)
V/Camera  ( 6749): isNormalCamera packageName = com.bbk.facewake
V/NuPlayerDriver(  449): setDataSource(0xab2c09d8) url(<no-scheme URI suppressed>)
V/Camera  ( 6749): sendOpenCameraBroadCast isNormalCamera = false
I/NuPlayer(  449): local stream:/system/media/audio/ui/camera_click.ogg
V/NuPlayer(  449): kWhatSetAudioSink
V/NuPlayer(  449): kWhatSetDataSource
V/NuPlayerDriver(  449): prepareAsync(0xab2c09d8)
D/Camera  ( 6749): closeFlashlightService package name com.bbk.facewake
V/Camera  ( 6749): sendStartPreviewBroadCast
I/ContentPipe(  449): cache heat 0.00(1/1), cache efficiency 0.008(32/4096)
I/VivoExtractorHelper(  449): vivo sniff result: application/ogg
I/VivoExtractorHelper(  449): SniffMedia takes 0 msecs
V/MediaExtractor(  449): Autodetected media content as 'application/ogg' with confidence 1.00
I/FingerprintServiceFPC( 2543): start preview: arg1: false arg2: 0 arg3: true
W/ContextImpl( 6749): Calling a method in the system process without a qualified user: android.app.ContextImpl.sendBroadcast:1373 android.content.ContextWrapper.sendBroadcast:377 android.hardware.Camera.sendOpenCameraBroadCast:5969 android.hardware.Camera.<init>:618 android.hardware.Camera.open:399 
W/ContextImpl( 6749): Calling a method in the system process without a qualified user: android.app.ContextImpl.sendBroadcast:1373 android.content.ContextWrapper.sendBroadcast:377 android.hardware.Camera.sendStartPreviewBroadCast:6006 android.hardware.Camera.startPreview:861 com.bbk.facewake.FaceWakeService.surfaceCreated:250 
D/ExtendedUtils(  449): extended extractor not needed, return default
I/MediaPlayer(  449): prepared
D/MediaPlayerService(  449): AddPlayer, (449,44,1013) sourceType:0
V/NuPlayerDriver(  449): NuPlayerDriver(0xab28efd0)
V/NuPlayerDriver(  449): setDataSource(0xab28efd0) url(<no-scheme URI suppressed>)
I/NuPlayer(  449): local stream:/system/media/audio/ui/VideoRecord.ogg
V/NuPlayer(  449): kWhatSetAudioSink
V/NuPlayer(  449): kWhatSetDataSource
V/NuPlayerDriver(  449): prepareAsync(0xab28efd0)
I/ContentPipe(  449): cache heat 0.00(1/1), cache efficiency 0.008(32/4096)
I/VivoExtractorHelper(  449): vivo sniff result: application/ogg
I/VivoExtractorHelper(  449): SniffMedia takes 0 msecs
V/MediaExtractor(  449): Autodetected media content as 'application/ogg' with confidence 1.00
E/mm-camera-sensor(  489): port_sensor_caps_reserve:86session id doesn't match
E/mm-camera-sensor(  489): port_sensor_caps_reserve:86session id doesn't match
E/mm-camera-intf(  449): mm_stream_get_v4l2_fmt: Unknown fmt=100
E/mm-camera-sensor(  489): port_sensor_caps_reserve:86session id doesn't match
E/mm-camera-sensor(  489): port_sensor_caps_reserve:86session id doesn't match
D/ExtendedUtils(  449): extended extractor not needed, return default
I/MediaPlayer(  449): prepared
E/QCamera2HWI(  449): int32_t qcamera::QCamera2HardwareInterface::waitDeferredWork(uint32_t&): Invalid job id 0
E/mm-camera-intf(  449): mm_stream_get_v4l2_fmt: Unknown fmt=103
E/mm-camera(  489): pproc_module_offline_stream_param_buf:2212 failed: parm_buf.type is invalid
E/mm-camera(  489): pproc_module_offline_stream_param_buf:2212 failed: parm_buf.type is invalid
E/mm-camera-CORE(  489): af_port_handle_sensor_update:2975  Depth_Err: actuator sensitivity: 0.000000 is invalid
E/mm-camera(  489): Crop param invalid 1920, reset to 0
E/mm-camera(  489): Crop param invalid 1080, reset to 0
E/mm-camera-isp2(  489): scaler44_handle_isp_private_event:1527 failed: invalid private event 22
E/mm-camera-CORE(  489): af_port_set_haf_enable:2318  PDAF is being disabled as supported=0 and LIB Presence=1
E/mm-camera-CORE(  489): af_port_set_haf_enable:2324  DCiAF is being disabled
E/mm-camera-CORE(  489): af_port_set_haf_enable:2333  VIVO PDAF is being disabled as supported=0 and LIB Presence=1
E/mm-camera-CORE(  489): aec_set_fps_range:1008  Aec_Error invalid input 364 
I/mm-camera-eztune(  489): EZTune: server not starting as eztune is disabled or sensor is YUV
E/mm-camera-CORE(  489): af_haf_update_tuning_data:782  ERROR: HAF init pos is invalid, disable set init pos
E/mm-camera(  489): iface_util_dump_sensor_cfg: num_cid_ch= 1 num_meta_ch= 0 
E/mm-camera-CORE(  489): af_haf_mixer_active_algo_selection:251  af_haf_mixer_active_algo_selection:ERROR! Unable to find active mixer algo !! 
E/mm-camera(  489): iface_util_dump_sensor_cfg: non meta cid[0] = 0 csid 1
E/mm-camera-CORE(  489): af_haf_update_tuning_data:795  af_haf_update_tuning_data: ERROR, set_tuning()!
E/mm-camera(  489): iface_util_dump_sensor_cfg: sensor dim: width = 2304, heght = 1296, fmt = 28, is_bayer = 1, init_skip = 2
E/mm-camera(  489): iface_util_dump_sensor_cfg: camif_crop: first_pix = 0, last_pix = 2303, first_line = 0, last_line = 1295, max_fps = 30
E/mm-camera(  489): iface_util_dump_sensor_cfg: meta info: num_meta = 0, format = 0, W 0, H 0
E/mm-camera-isp2(  489): scaler44_handle_isp_private_event:1527 failed: invalid private event 16
E/mm-camera-isp2(  489): scaler44_handle_isp_private_event:1527 failed: invalid private event 16
E/mm-camera-isp2(  489): scaler44_handle_isp_private_event:1527 failed: invalid private event 26
E/mm-camera-isp2(  489): scaler44_handle_isp_private_event:1527 failed: invalid private event 22
E/mm-camera-isp2(  489): scaler44_handle_isp_private_event:1527 failed: invalid private event 17
E/mm-camera-img(  489): faceproc_comp_get_param:304] Error
E/mm-camera(  489): module_faceproc_client_use_int_bufs:726] rc -4
E/mm-camera-isp2(  489): rs_stats44_stats_config_update:90 error: max_support_h_rgn invalid 8
E/mm-camera-CORE(  489): af_port_handle_sensor_update:2975  Depth_Err: actuator sensitivity: 0.000000 is invalid
E/mm-camera-isp2(  489): scaler44_handle_isp_private_event:1527 failed: invalid private event 22
E/mm-camera-isp2(  489): scaler44_handle_isp_private_event:1527 failed: invalid private event 22
E/mm-camera-isp2(  489): scaler44_handle_isp_private_event:1527 failed: invalid private event 17
E/mm-camera-isp2(  489): rs_stats44_stats_config_update:90 error: max_support_h_rgn invalid 8
E/mm-camera-isp2(  489): rs_stats44_trigger_update:515 error: max_algo_support_h_rgn 4 invalid
E/mm-camera-isp2(  489): isp_pipeline41_create_module_cfg_mask:502 invalid module id 42
E/mm-camera-isp2(  489): scaler44_handle_isp_private_event:1527 failed: invalid private event 17
D/mm-jpeg-intf(  449): jpeg_open, 381] reuse_reproc_buffer 0 
D/mm-jpeg-intf(  449): mm_jpeg_alloc_workbuffer, 1935] work_bufs_need 1 work_buf_cnt 0
D/mm-jpeg-intf(  449): mm_jpeg_alloc_workbuffer: Max picture size 4608 x 3456, WorkBufSize = 23887872
D/mm-jpeg-intf(  449): mm_jpeg_alloc_workbuffer, 1952] rc 0 
I/qomx_image_core(  449): OMX_Init:95] Complete 3
V/ResourcesManager( 6749): Skipping new config: curSeq=5, newSeq=5
E/mm-camera(  489): module_faceproc_client_handle_buf_divert:4093] avg_processed_interval = 16
E/mm-camera(  489): module_faceproc_client_handle_buf_divert:4093] avg_processed_interval = 32
E/mm-camera(  489): module_faceproc_client_handle_buf_divert:4093] avg_processed_interval = 49
E/mm-camera(  489): module_faceproc_client_handle_buf_divert:4093] avg_processed_interval = 66
E/mm-camera(  489): module_faceproc_client_handle_buf_divert:4093] avg_processed_interval = 82
E/mm-camera(  489): module_faceproc_client_handle_buf_divert:4093] avg_processed_interval = 99
I/SurfaceFlinger(  435): FPS: 26
E/mm-camera(  489): module_faceproc_client_handle_buf_divert:4093] avg_processed_interval = 77
E/mm-camera(  489): module_faceproc_client_handle_buf_divert:4093] avg_processed_interval = 88
E/mm-camera(  489): module_faceproc_client_handle_buf_divert:4093] avg_processed_interval = 99
E/mm-camera(  489): module_faceproc_client_handle_buf_divert:4093] avg_processed_interval = 82
E/mm-camera(  489): module_faceproc_client_handle_buf_divert:4093] avg_processed_interval = 90
E/mm-camera(  489): module_faceproc_client_handle_buf_divert:4093] avg_processed_interval = 99
E/mm-camera(  489): module_faceproc_client_handle_buf_divert:4093] avg_processed_interval = 85
E/mm-camera(  489): module_faceproc_client_handle_buf_divert:4093] avg_processed_interval = 92
E/mm-camera(  489): module_faceproc_client_handle_buf_divert:4093] avg_processed_interval = 99
E/mm-camera(  489): module_faceproc_client_handle_buf_divert:4093] avg_processed_interval = 88
E/mm-camera(  489): module_faceproc_client_handle_buf_divert:4093] avg_processed_interval = 93
E/mm-camera(  489): module_faceproc_client_handle_buf_divert:4093] avg_processed_interval = 99
E/mm-camera(  489): module_faceproc_client_handle_buf_divert:4093] avg_processed_interval = 89
E/mm-camera(  489): module_faceproc_client_handle_buf_divert:4093] avg_processed_interval = 94
E/mm-camera(  489): module_faceproc_client_handle_buf_divert:4093] avg_processed_interval = 99
E/mm-camera(  489): module_faceproc_client_handle_buf_divert:4093] avg_processed_interval = 90
E/mm-camera(  489): module_faceproc_client_handle_buf_divert:4093] avg_processed_interval = 95
E/mm-camera(  489): module_faceproc_client_handle_buf_divert:4093] avg_processed_interval = 99
E/mm-camera(  489): module_faceproc_client_handle_buf_divert:4093] avg_processed_interval = 91
E/mm-camera(  489): module_faceproc_client_handle_buf_divert:4093] avg_processed_interval = 95
E/NetlinkEvent(  434): NetlinkEvent::FindParam(): Parameter 'ALERT_NAME' not found
E/NetlinkEvent(  444): NetlinkEvent::FindParam(): Parameter 'ALERT_NAME' not found
D/BatteryService( 1415): Processing new values: chargerAcOnline=false, chargerUsbOnline=true, chargerWirelessOnline=false, batteryStatus=2, batteryHealth=2, batteryPresent=true, batteryLevel=76, batteryTechnology=Li-ion, batteryVoltage=4094, batteryTemperature=287, mBatteryLevelCritical=false, mPlugType=2
E/NetlinkEvent(  444): NetlinkEvent::FindParam(): Parameter 'ALERT_NAME' not found
E/NetlinkEvent(  434): NetlinkEvent::FindParam(): Parameter 'ALERT_NAME' not found
D/BatteryService( 1415): Processing new values: chargerAcOnline=false, chargerUsbOnline=true, chargerWirelessOnline=false, batteryStatus=2, batteryHealth=2, batteryPresent=true, batteryLevel=76, batteryTechnology=Li-ion, batteryVoltage=4094, batteryTemperature=287, mBatteryLevelCritical=false, mPlugType=2
E/NetlinkEvent(  444): NetlinkEvent::FindParam(): Parameter 'ALERT_NAME' not found
E/NetlinkEvent(  434): NetlinkEvent::FindParam(): Parameter 'ALERT_NAME' not found
D/BatteryService( 1415): Processing new values: chargerAcOnline=false, chargerUsbOnline=true, chargerWirelessOnline=false, batteryStatus=2, batteryHealth=2, batteryPresent=true, batteryLevel=76, batteryTechnology=Li-ion, batteryVoltage=4094, batteryTemperature=287, mBatteryLevelCritical=false, mPlugType=2
E/mm-camera(  489): module_faceproc_client_handle_buf_divert:4093] avg_processed_interval = 99
E/mm-camera(  489): module_faceproc_client_handle_buf_divert:4093] avg_processed_interval = 92
I/tnet-jni(23062): 340 - [spdyPingRecvCallback] - 
I/tnet-jni(23062): 340 - [SpdySessionCallBack.spdyPingRecvCallback] - org.android.spdy.SpdySession@1a71dd25
D/accs.SpdyConnection(23062):  spdyPingRecvCallback uniId:16
D/accs.MessageHandler(23062):  onRcvPing
D/accs.HeartbeatManager(23062):  onHeartbeatSucc
D/accs.OrangeAdapter(23062):  isSmartHb result:true
D/accs.HeartbeatManager(23062):  set 270
I/ExtraAlarmManager( 1415): Uid : 10130, Package name is : com.babytree.apps.pregnancy
I/ExtraAlarmManager( 1415): type: 0 retType: 1
V/AlarmAlign( 1415): checkSet SCREEN_ON, type = 3, when = 3326777
V/AlarmAlign( 1415): setLocked to kernel, type = 3, when = 3326777, curTime = 3363194
V/AlarmAlign( 1415): checkSet SCREEN_ON, type = 3, when = 3379301
V/AlarmAlign( 1415): setLocked to kernel, type = 3, when = 3379301, curTime = 3363194
D/accs.UtilityImpl(23062):  setServiceTime:1482994963895
E/mm-camera(  489): module_faceproc_client_handle_buf_divert:4093] avg_processed_interval = 95
E/mm-camera(  489): module_faceproc_client_handle_buf_divert:4093] avg_processed_interval = 99
E/mm-camera(  489): module_faceproc_client_handle_buf_divert:4093] avg_processed_interval = 93
E/mm-camera(  489): module_faceproc_client_handle_buf_divert:4093] avg_processed_interval = 96
E/mm-camera(  489): module_faceproc_client_handle_buf_divert:4093] avg_processed_interval = 99
E/mm-camera(  489): module_faceproc_client_handle_buf_divert:4093] avg_processed_interval = 93
E/mm-camera(  489): module_faceproc_client_handle_buf_divert:4093] avg_processed_interval = 96
E/mm-camera(  489): module_faceproc_client_handle_buf_divert:4093] avg_processed_interval = 99
I/SurfaceFlinger(  435): FPS: 31
E/mm-camera(  489): module_faceproc_client_handle_buf_divert:4093] avg_processed_interval = 94
E/mm-camera(  489): module_faceproc_client_handle_buf_divert:4093] avg_processed_interval = 96
I/VivoNetworkController( 2060): SystemUI|mWifiEnabled && mWifiConnected = true
E/mm-camera(  489): module_faceproc_client_handle_buf_divert:4093] avg_processed_interval = 99
E/mm-camera(  489): module_faceproc_client_handle_buf_divert:4093] avg_processed_interval = 94
E/mm-camera(  489): module_faceproc_client_handle_buf_divert:4093] avg_processed_interval = 96
E/mm-camera(  489): module_faceproc_client_handle_buf_divert:4093] avg_processed_interval = 99
E/mm-camera(  489): module_faceproc_client_handle_buf_divert:4093] avg_processed_interval = 94
E/mm-camera(  489): module_faceproc_client_handle_buf_divert:4093] avg_processed_interval = 97
E/mm-camera(  489): module_faceproc_client_handle_buf_divert:4093] avg_processed_interval = 99
E/mm-camera(  489): module_faceproc_client_handle_buf_divert:4093] avg_processed_interval = 95
E/mm-camera(  489): module_faceproc_client_handle_buf_divert:4093] avg_processed_interval = 97
E/mm-camera(  489): module_faceproc_client_handle_buf_divert:4093] avg_processed_interval = 99
E/mm-camera(  489): module_faceproc_client_handle_buf_divert:4093] avg_processed_interval = 95
E/mm-camera(  489): module_faceproc_client_handle_buf_divert:4093] avg_processed_interval = 97
E/mm-camera(  489): module_faceproc_client_handle_buf_divert:4093] avg_processed_interval = 99
E/mm-camera(  489): module_faceproc_client_handle_buf_divert:4093] avg_processed_interval = 95
E/mm-camera(  489): module_faceproc_client_handle_buf_divert:4093] avg_processed_interval = 97
E/mm-camera(  489): module_faceproc_client_handle_buf_divert:4093] avg_processed_interval = 99
E/mm-camera(  489): module_faceproc_client_handle_buf_divert:4093] avg_processed_interval = 95
E/NetlinkEvent(  444): NetlinkEvent::FindParam(): Parameter 'ALERT_NAME' not found
D/BatteryService( 1415): Processing new values: chargerAcOnline=false, chargerUsbOnline=true, chargerWirelessOnline=false, batteryStatus=2, batteryHealth=2, batteryPresent=true, batteryLevel=76, batteryTechnology=Li-ion, batteryVoltage=4094, batteryTemperature=287, mBatteryLevelCritical=false, mPlugType=2
E/NetlinkEvent(  434): NetlinkEvent::FindParam(): Parameter 'ALERT_NAME' not found
E/mm-camera(  489): module_faceproc_client_handle_buf_divert:4093] avg_processed_interval = 97
E/mm-camera(  489): module_faceproc_client_handle_buf_divert:4093] avg_processed_interval = 99
E/mm-camera(  489): module_faceproc_client_handle_buf_divert:4093] avg_processed_interval = 95
E/mm-camera(  489): module_faceproc_client_handle_buf_divert:4093] avg_processed_interval = 97
E/mm-camera(  489): module_faceproc_client_handle_buf_divert:4093] avg_processed_interval = 99
E/mm-camera(  489): module_faceproc_client_handle_buf_divert:4093] avg_processed_interval = 96
E/mm-camera(  489): module_faceproc_client_handle_buf_divert:4093] avg_processed_interval = 97
E/mm-camera(  489): module_faceproc_client_handle_buf_divert:4093] avg_processed_interval = 99
E/mm-camera(  489): module_faceproc_client_handle_buf_divert:4093] avg_processed_interval = 96
V/VivoStats( 1415): noteScreenBrightness brightness = 45
V/PowerEffectManager( 2430): note what = 2, arg1 = 45, arg2 = 0
D/AutoBrightnessManager( 1415): notifyStateChanged STATE_SCREEN_DIM
D/BrightnessProviderNormal( 1415): notifyStateChanged un-known:4
D/DisplayPowerController( 1415): updatePowerState: mPowerRequest.useProximitySensor=false, mProximity=Unknown, mScreenOffBecauseOfProximity=false mPowerRequest.screenState = ON mWaitingForNegativeProximity = false
D/DisplayPowerController( 1415): updatePowerState use=true enabled=true  state=ON block=false
D/DisplayPowerController( 1415): chenyishi AAL AAL AAL
D/DisplayPowerController( 1415): dim befor brightness = 72
D/DisplayPowerController( 1415): dim  brightness = 45
D/DisplayPowerController( 1415): updatePowerState: mPowerRequest.useProximitySensor=false, mProximity=Unknown, mScreenOffBecauseOfProximity=false mPowerRequest.screenState = ON mWaitingForNegativeProximity = false
D/DisplayPowerController( 1415): updatePowerState use=true enabled=true  state=ON block=false
D/DisplayPowerController( 1415): chenyishi AAL AAL AAL
D/DisplayPowerController( 1415): dim befor brightness = 72
D/DisplayPowerController( 1415): dim  brightness = 45
D/DisplayPowerState( 1415): Updating screen state: state=ON, backlight=45, backlightChanged=true mPowerAssistantMode=0
D/BBKTouchScreenService( 1415): Super power save property is false
D/BBKTouchScreenService( 1415): Set LCD backlight state ON
D/BBKTouchScreenService( 1415): The mProximiteListenerRegistered is 0 on is false
D/DisplayPowerController( 1415): updatePowerState: mPowerRequest.useProximitySensor=false, mProximity=Unknown, mScreenOffBecauseOfProximity=false mPowerRequest.screenState = ON mWaitingForNegativeProximity = false
D/DisplayPowerController( 1415): updatePowerState use=true enabled=true  state=ON block=false
D/DisplayPowerController( 1415): chenyishi AAL AAL AAL
D/DisplayPowerController( 1415): dim befor brightness = 72
D/DisplayPowerController( 1415): dim  brightness = 45
E/mm-camera(  489): module_faceproc_client_handle_buf_divert:4093] avg_processed_interval = 97
E/mm-camera(  489): module_faceproc_client_handle_buf_divert:4093] avg_processed_interval = 99
E/mm-camera(  489): module_faceproc_client_handle_buf_divert:4093] avg_processed_interval = 96
I/SurfaceFlinger(  435): FPS: 32
E/mm-camera(  489): module_faceproc_client_handle_buf_divert:4093] avg_processed_interval = 97
I/VivoNetworkController( 2060): SystemUI|mWifiEnabled && mWifiConnected = true
E/mm-camera(  489): module_faceproc_client_handle_buf_divert:4093] avg_processed_interval = 99
E/mm-camera(  489): module_faceproc_client_handle_buf_divert:4093] avg_processed_interval = 96
E/mm-camera(  489): module_faceproc_client_handle_buf_divert:4093] avg_processed_interval = 97
E/mm-camera(  489): module_faceproc_client_handle_buf_divert:4093] avg_processed_interval = 99
E/mm-camera(  489): module_faceproc_client_handle_buf_divert:4093] avg_processed_interval = 96
E/mm-camera(  489): module_faceproc_client_handle_buf_divert:4093] avg_processed_interval = 97
E/mm-camera(  489): module_faceproc_client_handle_buf_divert:4093] avg_processed_interval = 99
E/mm-camera(  489): module_faceproc_client_handle_buf_divert:4093] avg_processed_interval = 96
E/mm-camera(  489): module_faceproc_client_handle_buf_divert:4093] avg_processed_interval = 97
E/mm-camera(  489): module_faceproc_client_handle_buf_divert:4093] avg_processed_interval = 99
E/mm-camera(  489): module_faceproc_client_handle_buf_divert:4093] avg_processed_interval = 96
E/mm-camera(  489): module_faceproc_client_handle_buf_divert:4093] avg_processed_interval = 97
E/mm-camera(  489): module_faceproc_client_handle_buf_divert:4093] avg_processed_interval = 99
E/mm-camera(  489): module_faceproc_client_handle_buf_divert:4093] avg_processed_interval = 96
E/mm-camera(  489): module_faceproc_client_handle_buf_divert:4093] avg_processed_interval = 98
E/mm-camera(  489): module_faceproc_client_handle_buf_divert:4093] avg_processed_interval = 99
E/mm-camera(  489): module_faceproc_client_handle_buf_divert:4093] avg_processed_interval = 96
E/mm-camera(  489): module_faceproc_client_handle_buf_divert:4093] avg_processed_interval = 98
E/mm-camera(  489): module_faceproc_client_handle_buf_divert:4093] avg_processed_interval = 99
E/mm-camera(  489): module_faceproc_client_handle_buf_divert:4093] avg_processed_interval = 96
E/mm-camera(  489): module_faceproc_client_handle_buf_divert:4093] avg_processed_interval = 98
E/mm-camera(  489): module_faceproc_client_handle_buf_divert:4093] avg_processed_interval = 99
E/mm-camera(  489): module_faceproc_client_handle_buf_divert:4093] avg_processed_interval = 97
E/mm-camera(  489): module_faceproc_client_handle_buf_divert:4093] avg_processed_interval = 98
E/mm-camera(  489): module_faceproc_client_handle_buf_divert:4093] avg_processed_interval = 99
E/mm-camera(  489): module_faceproc_client_handle_buf_divert:4093] avg_processed_interval = 97
E/mm-camera(  489): module_faceproc_client_handle_buf_divert:4093] avg_processed_interval = 98
E/mm-camera(  489): module_faceproc_client_handle_buf_divert:4093] avg_processed_interval = 99
E/mm-camera(  489): module_faceproc_client_handle_buf_divert:4093] avg_processed_interval = 97
E/mm-camera(  489): module_faceproc_client_handle_buf_divert:4093] avg_processed_interval = 98
I/SurfaceFlinger(  435): FPS: 32
E/mm-camera(  489): module_faceproc_client_handle_buf_divert:4093] avg_processed_interval = 99
E/mm-camera(  489): module_faceproc_client_handle_buf_divert:4093] avg_processed_interval = 97
E/mm-camera(  489): module_faceproc_client_handle_buf_divert:4093] avg_processed_interval = 98
E/mm-camera(  489): module_faceproc_client_handle_buf_divert:4093] avg_processed_interval = 99
E/mm-camera(  489): module_faceproc_client_handle_buf_divert:4093] avg_processed_interval = 97
E/mm-camera(  489): module_faceproc_client_handle_buf_divert:4093] avg_processed_interval = 98
E/mm-camera(  489): module_faceproc_client_handle_buf_divert:4093] avg_processed_interval = 99
E/mm-camera(  489): module_faceproc_client_handle_buf_divert:4093] avg_processed_interval = 97
E/mm-camera(  489): module_faceproc_client_handle_buf_divert:4093] avg_processed_interval = 98
E/mm-camera(  489): module_faceproc_client_handle_buf_divert:4093] avg_processed_interval = 99
E/mm-camera(  489): module_faceproc_client_handle_buf_divert:4093] avg_processed_interval = 97
E/mm-camera(  489): module_faceproc_client_handle_buf_divert:4093] avg_processed_interval = 98
I/MSM-irqbalance(  720): Decided to move IRQ82 from CPU3 to CPU1
E/mm-camera(  489): module_faceproc_client_handle_buf_divert:4093] avg_processed_interval = 99
E/mm-camera(  489): module_faceproc_client_handle_buf_divert:4093] avg_processed_interval = 97
E/mm-camera(  489): module_faceproc_client_handle_buf_divert:4093] avg_processed_interval = 98
E/mm-camera(  489): module_faceproc_client_handle_buf_divert:4093] avg_processed_interval = 99
E/mm-camera(  489): module_faceproc_client_handle_buf_divert:4093] avg_processed_interval = 97
E/mm-camera(  489): module_faceproc_client_handle_buf_divert:4093] avg_processed_interval = 98
E/mm-camera(  489): module_faceproc_client_handle_buf_divert:4093] avg_processed_interval = 99
E/mm-camera(  489): module_faceproc_client_handle_buf_divert:4093] avg_processed_interval = 97
E/mm-camera(  489): module_faceproc_client_handle_buf_divert:4093] avg_processed_interval = 98
E/mm-camera(  489): module_faceproc_client_handle_buf_divert:4093] avg_processed_interval = 99
E/mm-camera(  489): module_faceproc_client_handle_buf_divert:4093] avg_processed_interval = 97
E/mm-camera(  489): module_faceproc_client_handle_buf_divert:4093] avg_processed_interval = 98
E/mm-camera(  489): module_faceproc_client_handle_buf_divert:4093] avg_processed_interval = 99
E/mm-camera(  489): module_faceproc_client_handle_buf_divert:4093] avg_processed_interval = 97
E/mm-camera(  489): module_faceproc_client_handle_buf_divert:4093] avg_processed_interval = 98
E/mm-camera(  489): module_faceproc_client_handle_buf_divert:4093] avg_processed_interval = 99
E/mm-camera(  489): module_faceproc_client_handle_buf_divert:4093] avg_processed_interval = 97
E/mm-camera(  489): module_faceproc_client_handle_buf_divert:4093] avg_processed_interval = 98
E/mm-camera(  489): module_faceproc_client_handle_buf_divert:4093] avg_processed_interval = 99
I/SurfaceFlinger(  435): FPS: 31
E/mm-camera(  489): module_faceproc_client_handle_buf_divert:4093] avg_processed_interval = 97
E/mm-camera(  489): module_faceproc_client_handle_buf_divert:4093] avg_processed_interval = 98
E/mm-camera(  489): module_faceproc_client_handle_buf_divert:4093] avg_processed_interval = 99
E/mm-camera(  489): module_faceproc_client_handle_buf_divert:4093] avg_processed_interval = 97
E/mm-camera(  489): module_faceproc_client_handle_buf_divert:4093] avg_processed_interval = 98
E/mm-camera(  489): module_faceproc_client_handle_buf_divert:4093] avg_processed_interval = 99
E/mm-camera(  489): module_faceproc_client_handle_buf_divert:4093] avg_processed_interval = 97
E/mm-camera(  489): module_faceproc_client_handle_buf_divert:4093] avg_processed_interval = 98
E/mm-camera(  489): module_faceproc_client_handle_buf_divert:4093] avg_processed_interval = 99
