E/NetlinkEvent(  434): NetlinkEvent::FindParam(): Parameter 'ALERT_NAME' not found
E/NetlinkEvent(  444): NetlinkEvent::FindParam(): Parameter 'ALERT_NAME' not found
D/BatteryService( 1415): Processing new values: chargerAcOnline=false, chargerUsbOnline=true, chargerWirelessOnline=false, batteryStatus=2, batteryHealth=2, batteryPresent=true, batteryLevel=76, batteryTechnology=Li-ion, batteryVoltage=4090, batteryTemperature=280, mBatteryLevelCritical=false, mPlugType=2
E/NetlinkEvent(  434): NetlinkEvent::FindParam(): Parameter 'ALERT_NAME' not found
W/UsbDeviceManager( 1415): handleMessage - 0
V/NotificationService( 1415): enqueueNotificationInternal: pkg=android id=110110 notification=Notification(pri=0 contentView=null vibrate=null sound=null defaults=0x0 flags=0x2 color=0xff607d8b vis=PUBLIC)
D/ValidateNoPeople( 1415): DEBUG_GROUP:validatePeople key=0|android|110110|null|1000|0
D/ValidateNoPeople( 1415): searchContacts
D/ValidateNoPeople( 1415): java.lang.RuntimeException: here
D/ValidateNoPeople( 1415): 	at com.android.server.notification.ValidateNotificationPeople.validatePeople(ValidateNotificationPeople.java:234)
D/ValidateNoPeople( 1415): 	at com.android.server.notification.ValidateNotificationPeople.validatePeople(ValidateNotificationPeople.java:225)
D/ValidateNoPeople( 1415): 	at com.android.server.notification.ValidateNotificationPeople.process(ValidateNotificationPeople.java:151)
D/ValidateNoPeople( 1415): 	at com.android.server.notification.RankingHelper.extractSignals(RankingHelper.java:135)
D/ValidateNoPeople( 1415): 	at com.android.server.notification.NotificationManagerService$9.run(NotificationManagerService.java:2587)
D/ValidateNoPeople( 1415): 	at android.os.Handler.handleCallback(Handler.java:739)
D/ValidateNoPeople( 1415): 	at android.os.Handler.dispatchMessage(Handler.java:95)
D/ValidateNoPeople( 1415): 	at android.os.Looper.loop(Looper.java:135)
D/ValidateNoPeople( 1415): 	at com.android.server.SystemServer.run(SystemServer.java:310)
D/ValidateNoPeople( 1415): 	at com.android.server.SystemServer.main(SystemServer.java:211)
D/ValidateNoPeople( 1415): 	at java.lang.reflect.Method.invoke(Native Method)
D/ValidateNoPeople( 1415): 	at java.lang.reflect.Method.invoke(Method.java:372)
D/ValidateNoPeople( 1415): 	at com.android.internal.os.ZygoteInit$MethodAndArgsCaller.run(ZygoteInit.java:1037)
D/ValidateNoPeople( 1415): 	at com.android.internal.os.ZygoteInit.main(ZygoteInit.java:832)
V/NotificationService( 1415): Interrupting!
V/NotificationService( 1415): enqueueNotificationInternal: pkg=android id=10011 notification=Notification(pri=2 contentView=null vibrate=null sound=null defaults=0x0 flags=0x2 color=0xff00aeff vis=PRIVATE)
D/ValidateNoPeople( 1415): DEBUG_GROUP:validatePeople key=0|android|10011|null|1000|0
D/ValidateNoPeople( 1415): searchContacts
D/ValidateNoPeople( 1415): java.lang.RuntimeException: here
D/ValidateNoPeople( 1415): 	at com.android.server.notification.ValidateNotificationPeople.validatePeople(ValidateNotificationPeople.java:234)
D/ValidateNoPeople( 1415): 	at com.android.server.notification.ValidateNotificationPeople.validatePeople(ValidateNotificationPeople.java:225)
D/ValidateNoPeople( 1415): 	at com.android.server.notification.ValidateNotificationPeople.process(ValidateNotificationPeople.java:151)
D/ValidateNoPeople( 1415): 	at com.android.server.notification.RankingHelper.extractSignals(RankingHelper.java:135)
D/ValidateNoPeople( 1415): 	at com.android.server.notification.NotificationManagerService$9.run(NotificationManagerService.java:2587)
D/ValidateNoPeople( 1415): 	at android.os.Handler.handleCallback(Handler.java:739)
D/ValidateNoPeople( 1415): 	at android.os.Handler.dispatchMessage(Handler.java:95)
D/ValidateNoPeople( 1415): 	at android.os.Looper.loop(Looper.java:135)
D/ValidateNoPeople( 1415): 	at com.android.server.SystemServer.run(SystemServer.java:310)
D/ValidateNoPeople( 1415): 	at com.android.server.SystemServer.main(SystemServer.java:211)
D/ValidateNoPeople( 1415): 	at java.lang.reflect.Method.invoke(Native Method)
D/ValidateNoPeople( 1415): 	at java.lang.reflect.Method.invoke(Method.java:372)
D/ValidateNoPeople( 1415): 	at com.android.internal.os.ZygoteInit$MethodAndArgsCaller.run(ZygoteInit.java:1037)
D/ValidateNoPeople( 1415): 	at com.android.internal.os.ZygoteInit.main(ZygoteInit.java:832)
I/PhoneStatusBar( 2060): SystemUI|addNotification key = 0|android|110110|null|1000|0, pkg is android, instanceId is 0, id is 110110, ticker is  USB 
I/PhoneStatusBar( 2060): SystemUI|isHeadsUpForbid = false
V/UsbDeviceManager( 1415): USB UEVENT: {USB_STATE=CONNECTED, SUBSYSTEM=android_usb, SEQNUM=3822, ACTION=change, DEVPATH=/devices/virtual/android_usb/android0}
I/UsbDeviceManager( 1415): show usb adb notification,  mAdbEnabled:true mConnected:true mAdbTipsNotificationIsShown:false mAdbNotificationShown:false
E/NetlinkEvent(  444): NetlinkEvent::FindParam(): Parameter 'ALERT_NAME' not found
E/NetlinkEvent(  434): NetlinkEvent::FindParam(): Parameter 'ALERT_NAME' not found
D/UsbDeviceManager( 1415): updateUsbNotification - containsFunction: USB_FUNCTION_MTP 
I/UsbDeviceManager( 1415): mUsbNotificationId:0 usbTempId:17040679 mCurrentFunctions:mtp,adb mDefaultFunctions:mtp,adb
V/NotificationService( 1415): pkg=android canInterrupt=true intercept=false
E/NetlinkEvent(  444): NetlinkEvent::FindParam(): Parameter 'ALERT_NAME' not found
D/UsbDeviceManager( 1415): broadcasting Intent { act=android.hardware.usb.action.USB_STATE flg=0x20000000 (has extras) } connected: true configured: false mCurrentFunctions:mtp,adb
W/UsbDeviceManager( 1415): handleMessage - 100
D/SettingsProvider( 1415): lookupValue table system cache contains Key vivo_smartmulitwindow_is_allowed_split , value = Bundle[{value=0}]
D/SettingsProvider( 1415): lookupValue table system cache contains Key floatmode , value = Bundle[{value=0}]
I/MtpReceiver( 3371): intent.getAction() = android.hardware.usb.action.USB_STATE, time = 1482994891171
I/SmartMultiWindowUtils( 2060): SystemUI|isForbidBySmartMultiWindow = false, isSpecificFullScreen = false, isSmartMutiWindow false
I/HeadsUp ( 2060): SystemUI|show headsupview failed because:  situation 1:    mUseHeadsUp:  true   shouldInterrupt(notification): false      situation 2:      !isHoodAvailableForNotification:  true   !considerAsOngoing(notification):  false   tickerIsNotNull:  true
I/MtpReceiver( 3371): functions = mtp,adbconfigure = false
I/MtpReceiver( 3371): mMtpStartTime = 1482994891172
V/NotificationService( 1415): Interrupting!
V/NotificationService( 1415): pkg=android canInterrupt=true intercept=false
D/MountService( 1415): mUsbReceiver usbMode = mtp isUmsMode = false available = false
E/NetlinkEvent(  434): NetlinkEvent::FindParam(): Parameter 'ALERT_NAME' not found
V/UsbDeviceManager( 1415): USB UEVENT: {USB_STATE=DISCONNECTED, SUBSYSTEM=android_usb, SEQNUM=3824, ACTION=change, DEVPATH=/devices/virtual/android_usb/android0}
E/NetlinkEvent(  444): NetlinkEvent::FindParam(): Parameter 'ALERT_NAME' not found
D/BatteryService( 1415): Processing new values: chargerAcOnline=false, chargerUsbOnline=true, chargerWirelessOnline=false, batteryStatus=2, batteryHealth=2, batteryPresent=true, batteryLevel=76, batteryTechnology=Li-ion, batteryVoltage=4090, batteryTemperature=280, mBatteryLevelCritical=false, mPlugType=2
E/NetlinkEvent(  434): NetlinkEvent::FindParam(): Parameter 'ALERT_NAME' not found
E/NetlinkEvent(  444): NetlinkEvent::FindParam(): Parameter 'ALERT_NAME' not found
E/NetlinkEvent(  434): NetlinkEvent::FindParam(): Parameter 'ALERT_NAME' not found
D/BatteryService( 1415): Processing new values: chargerAcOnline=false, chargerUsbOnline=true, chargerWirelessOnline=false, batteryStatus=2, batteryHealth=2, batteryPresent=true, batteryLevel=76, batteryTechnology=Li-ion, batteryVoltage=4090, batteryTemperature=280, mBatteryLevelCritical=false, mPlugType=2
D/TAG     ( 2060): updateNotifications,process msg
I/PhoneStatusBar( 2060): SystemUI|addNotification key = 0|android|10011|null|1000|0, pkg is android, instanceId is 0, id is 10011, ticker is null
I/PhoneStatusBar( 2060): SystemUI|isHeadsUpForbid = false
I/SmartMultiWindowUtils( 2060): SystemUI|isForbidBySmartMultiWindow = false, isSpecificFullScreen = false, isSmartMutiWindow false
I/HeadsUp ( 2060): SystemUI|show headsupview failed because:  situation 1:    mUseHeadsUp:  true   shouldInterrupt(notification): false      situation 2:      !isHoodAvailableForNotification:  true   !considerAsOngoing(notification):  false   tickerIsNotNull:  false
D/TAG     ( 2060): updateNotifications,skip msg
I/MSM-irqbalance(  720): Decided to move IRQ203 from CPU0 to CPU1
W/UsbDeviceManager( 1415): handleMessage - 0
I/MtpReceiver( 3371): intent.getAction() = android.hardware.usb.action.USB_STATE, time = 1482994891269
E/NetlinkEvent(  434): NetlinkEvent::FindParam(): Parameter 'ALERT_NAME' not found
V/UsbDeviceManager( 1415): USB UEVENT: {USB_STATE=CONNECTED, SUBSYSTEM=android_usb, SEQNUM=3826, ACTION=change, DEVPATH=/devices/virtual/android_usb/android0}
E/NetlinkEvent(  444): NetlinkEvent::FindParam(): Parameter 'ALERT_NAME' not found
I/UsbDeviceManager( 1415): show usb adb notification,  mAdbEnabled:true mConnected:true mAdbTipsNotificationIsShown:false mAdbNotificationShown:true
D/UsbDeviceManager( 1415): updateUsbNotification - containsFunction: USB_FUNCTION_MTP 
I/UsbDeviceManager( 1415): mUsbNotificationId:17040679 usbTempId:17040679 mCurrentFunctions:mtp,adb mDefaultFunctions:mtp,adb
D/UsbDeviceManager( 1415): broadcasting Intent { act=android.hardware.usb.action.USB_STATE flg=0x20000000 (has extras) } connected: true configured: false mCurrentFunctions:mtp,adb
D/MountService( 1415): mUsbReceiver usbMode = mtp isUmsMode = false available = false
I/MtpReceiver( 3371): functions = mtp,adbconfigure = false
I/MtpReceiver( 3371): mMtpStartTime = 1482994891270
E/NetlinkEvent(  444): NetlinkEvent::FindParam(): Parameter 'ALERT_NAME' not found
E/NetlinkEvent(  434): NetlinkEvent::FindParam(): Parameter 'ALERT_NAME' not found
D/BatteryService( 1415): Processing new values: chargerAcOnline=false, chargerUsbOnline=true, chargerWirelessOnline=false, batteryStatus=2, batteryHealth=2, batteryPresent=true, batteryLevel=76, batteryTechnology=Li-ion, batteryVoltage=4090, batteryTemperature=280, mBatteryLevelCritical=false, mPlugType=2
E/NetlinkEvent(  444): NetlinkEvent::FindParam(): Parameter 'ALERT_NAME' not found
D/BatteryService( 1415): Processing new values: chargerAcOnline=false, chargerUsbOnline=true, chargerWirelessOnline=false, batteryStatus=2, batteryHealth=2, batteryPresent=true, batteryLevel=76, batteryTechnology=Li-ion, batteryVoltage=4090, batteryTemperature=280, mBatteryLevelCritical=false, mPlugType=2
E/NetlinkEvent(  434): NetlinkEvent::FindParam(): Parameter 'ALERT_NAME' not found
W/UsbDeviceManager( 1415): handleMessage - 0
I/MtpReceiver( 3371): intent.getAction() = android.hardware.usb.action.USB_STATE, time = 1482994891343
I/MtpReceiver( 3371): functions = mtp,adbconfigure = true
I/MtpReceiver( 3371): mMtpStartTime = 1482994891343
V/UsbDeviceManager( 1415): USB UEVENT: {USB_STATE=CONFIGURED, SUBSYSTEM=android_usb, SEQNUM=3829, ACTION=change, DEVPATH=/devices/virtual/android_usb/android0}
E/NetlinkEvent(  444): NetlinkEvent::FindParam(): Parameter 'ALERT_NAME' not found
E/NetlinkEvent(  434): NetlinkEvent::FindParam(): Parameter 'ALERT_NAME' not found
I/UsbDeviceManager( 1415): show usb adb notification,  mAdbEnabled:true mConnected:true mAdbTipsNotificationIsShown:false mAdbNotificationShown:true
D/UsbDeviceManager( 1415): updateUsbNotification - containsFunction: USB_FUNCTION_MTP 
I/UsbDeviceManager( 1415): mUsbNotificationId:17040679 usbTempId:17040679 mCurrentFunctions:mtp,adb mDefaultFunctions:mtp,adb
D/UsbDeviceManager( 1415): broadcasting Intent { act=android.hardware.usb.action.USB_STATE flg=0x20000000 (has extras) } connected: true configured: true mCurrentFunctions:mtp,adb
D/MountService( 1415): mUsbReceiver usbMode = mtp isUmsMode = false available = false
I/ServiceManager(24388): Waiting for service AtCmdFwd...
I/MediaPlayer( 2430): reset
D/NuPlayerDriver(  449): reset(0xab2aff58)
D/NuPlayer(  449): resetAsync, mSource->disconnect() +++
D/NuPlayer(  449): resetAsync, mSource->disconnect() ---
V/NuPlayer(  449): kWhatReset
V/NuPlayer(  449): performDecoderFlush audio=2, video=2
V/NuPlayer(  449): performReset
D/NuPlayerDriver(  449): reset STATE_RESET_IN_PROGRESS +++
D/NuPlayerDriver(  449): notifyResetComplete(0xab2aff58)
D/NuPlayerDriver(  449): reset STATE_RESET_IN_PROGRESS ---
I/UsbDeviceManagerService( 2430): Rington is stoped
D/NuPlayerDriver(  449): reset(0xab2aff58)
V/NuPlayerDriver(  449): ~NuPlayerDriver(0xab2aff58)
D/MediaPlayerService(  449): RemovePlayer, (2430,38,1000)
I/ServiceManager(24388): Waiting for service AtCmdFwd...
I/ServiceManager(24388): Waiting for service AtCmdFwd...
I/ServiceManager(24388): Waiting for service AtCmdFwd...
I/ServiceManager(24388): Waiting for service AtCmdFwd...
I/MSM-irqbalance(  720): Decided to move IRQ155 from CPU1 to CPU2
W/Atfwd_Sendcmd(24388): AtCmdFwd service not published, waiting... retryCnt : 2
D/UTAnalytics:CommitTask(23062): pid:23062 check&commit event:65502,
D/UTAnalytics:CommitTask(23062): pid:23062 check&commit event:65133,
D/UTAnalytics:CommitTask(23062): pid:23062 next:65502,
D/UTAnalytics:CommitTask(23062): pid:23062 next:65133,
D/UTAnalytics:CommitTask(23062): pid:23062 check&commit event:65503,
D/UTAnalytics:CommitTask(23062): pid:23062 next:65503,
D/UTAnalytics:CommitTask(23062): pid:23062 check&commit event:65501,
D/UTAnalytics:CommitTask(23062): pid:23062 next:65501,
E/qti_sensors_hal( 1415): w_orient output WORT -1 0 0
V/WindowOrientationListener( 1415): w_orient: framework Raw window_orientation data: x=-1.0, y=0.0, z=0.0
V/WindowOrientationListener( 1415): w_orient: oldProposedRotation=0 proposedRotation=-1
E/qti_sensors_hal( 1415): w_orient output WORT -1 65 358
V/WindowOrientationListener( 1415): w_orient: framework Raw window_orientation data: x=-1.0, y=65.0, z=358.0
V/WindowOrientationListener( 1415): w_orient: oldProposedRotation=-1 proposedRotation=-1
E/qti_sensors_hal( 1415): w_orient output WORT -1 65 358
V/WindowOrientationListener( 1415): w_orient: framework Raw window_orientation data: x=-1.0, y=65.0, z=358.0
V/WindowOrientationListener( 1415): w_orient: oldProposedRotation=-1 proposedRotation=-1
E/qti_sensors_hal( 1415): w_orient output WORT -1 65 358
V/WindowOrientationListener( 1415): w_orient: framework Raw window_orientation data: x=-1.0, y=65.0, z=358.0
V/WindowOrientationListener( 1415): w_orient: oldProposedRotation=-1 proposedRotation=-1
E/qti_sensors_hal( 1415): w_orient output WORT -1 65 358
V/WindowOrientationListener( 1415): w_orient: framework Raw window_orientation data: x=-1.0, y=65.0, z=358.0
V/WindowOrientationListener( 1415): w_orient: oldProposedRotation=-1 proposedRotation=-1
V/PowerMonitor( 2430): prepare_plug mPasstime = 19, mPassUptime = 19, curRealtimeMs = 3300132, mEverScreenOn = true, mCriticalPower = 0.00000001, mHighPower = 0.570, mDownloadRate = 110683
I/MSM-irqbalance(  720): Decided to move IRQ200 from CPU0 to CPU2
I/VivoNetworkController( 2060): SystemUI|mWifiEnabled && mWifiConnected = true
I/SurfaceFlinger(  435): FPS: 2
I/VivoNetworkController( 2060): SystemUI|mWifiEnabled && mWifiConnected = true
I/SurfaceFlinger(  435): FPS: 1
D/VPS     ( 1415): debug wifi location permission, PD1603 return true
D/VPS     ( 2562): debug sjwl location permission, PD1603 return true
I/VivoNetworkController( 2060): SystemUI|mWifiEnabled && mWifiConnected = true
I/TDLog   (22659): New data found, Submitting...
W/MAA     (22659): [default-agent]: getAddress
I/SurfaceFlinger(  435): FPS: 1
W/MAA     (22659): [default-agent]: getAddress
I/art     (22659): Background partial concurrent mark sweep GC freed 116204(5MB) AllocSpace objects, 26(2MB) LOS objects, 9% free, 157MB/173MB, paused 2.366ms total 130.954ms
W/MAA     (22659): [default-agent]: getAddress
I/TDLog   (22659): Data submitting Failed!
D/VPS     ( 1415): debug wifi location permission, PD1603 return true
D/VPS     ( 2562): debug sjwl location permission, PD1603 return true
E/qti_sensors_hal( 1415): w_orient output WORT 0 60 23
V/WindowOrientationListener( 1415): w_orient: framework Raw window_orientation data: x=0.0, y=60.0, z=23.0
V/WindowOrientationListener( 1415): w_orient: oldProposedRotation=-1 proposedRotation=0
V/WindowOrientationListener( 1415): Proposed rotation changed!  proposedRotation=0, oldProposedRotation=-1
V/WindowOrientationListener( 1415): getProposedRotationLocked  mEnabled true isenalbeAcc true
E/qti_sensors_hal( 1415): w_orient output WORT 0 59 23
V/WindowOrientationListener( 1415): w_orient: framework Raw window_orientation data: x=0.0, y=59.0, z=23.0
V/WindowOrientationListener( 1415): w_orient: oldProposedRotation=0 proposedRotation=0
E/qti_sensors_hal( 1415): w_orient output WORT 0 58 22
V/WindowOrientationListener( 1415): w_orient: framework Raw window_orientation data: x=0.0, y=58.0, z=22.0
V/WindowOrientationListener( 1415): w_orient: oldProposedRotation=0 proposedRotation=0
E/qti_sensors_hal( 1415): w_orient output WORT 0 57 22
V/WindowOrientationListener( 1415): w_orient: framework Raw window_orientation data: x=0.0, y=57.0, z=22.0
V/WindowOrientationListener( 1415): w_orient: oldProposedRotation=0 proposedRotation=0
E/qti_sensors_hal( 1415): w_orient output WORT 0 56 21
V/WindowOrientationListener( 1415): w_orient: framework Raw window_orientation data: x=0.0, y=56.0, z=21.0
V/WindowOrientationListener( 1415): w_orient: oldProposedRotation=0 proposedRotation=0
I/MSM-irqbalance(  720): Decided to move IRQ104 from CPU1 to CPU2
I/VivoNetworkController( 2060): SystemUI|mWifiEnabled && mWifiConnected = true
I/SurfaceFlinger(  435): FPS: 1
I/ServiceManager(24388): Waiting for service AtCmdFwd...
D/UTAnalytics:BackgroundTrigger(22708): pid:22708 [bg check],
D/UTAnalytics:CommitTask(22708): pid:22708 [setStatisticsInterval] eventId65501 statisticsInterval:180,
D/UTAnalytics:CommitTask(22708): pid:22708 com.alibaba.mtl.appmonitor.c@24364ccbpost next eventId65501 next:160180  uploadTask.interval: 180000,
D/UTAnalytics:CommitTask(22708): pid:22708 [setStatisticsInterval] eventId65502 statisticsInterval:180,
D/UTAnalytics:CommitTask(22708): pid:22708 com.alibaba.mtl.appmonitor.c@2686bca8post next eventId65502 next:160179  uploadTask.interval: 180000,
D/UTAnalytics:CommitTask(22708): pid:22708 [setStatisticsInterval] eventId65133 statisticsInterval:180,
D/UTAnalytics:CommitTask(22708): pid:22708 com.alibaba.mtl.appmonitor.c@6c9b3c1post next eventId65133 next:160178  uploadTask.interval: 180000,
D/UTAnalytics:CommitTask(22708): pid:22708 [setStatisticsInterval] eventId65503 statisticsInterval:180,
D/UTAnalytics:CommitTask(22708): pid:22708 com.alibaba.mtl.appmonitor.c@20ec8766post next eventId65503 next:160177  uploadTask.interval: 180000,
D/UTAnalytics:AppMonitorDelegate(22708): pid:22708 triggerUpload,
D/UTAnalytics:UTDC(22708): pid:22708 [onBackground],
W/ActivityManager( 1415): getRunningAppProcesses: caller 10130 does not hold REAL_GET_TASKS; limiting output
I/ServiceManager(24388): Waiting for service AtCmdFwd...
I/ServiceManager(24388): Waiting for service AtCmdFwd...
I/ServiceManager(24388): Waiting for service AtCmdFwd...
I/VivoNetworkController( 2060): SystemUI|mWifiEnabled && mWifiConnected = true
I/SurfaceFlinger(  435): FPS: 1
I/ServiceManager(24388): Waiting for service AtCmdFwd...
D/awcn.DefaultHeartbeatImpl(22659):  heartbeat session:Session[AWCN1_1|http2_0rtt_acs]
D/awcn.TnetSpdySession(22659): |[seq:AWCN1_1] ping host:https://acs4public.m.taobao.com thread:AWCN Scheduler1
D/awcn.TnetSpdySession(22659): |[seq:AWCN1_1] https://acs4public.m.taobao.com submit ping ms:45051 force:true
I/MSM-irqbalance(  720): Decided to move IRQ166 from CPU1 to CPU2
I/awcn.TnetSpdySession(22659): |[seq:AWCN1_1] ping receive Host:https://acs4public.m.taobao.com id:31
I/ViewRootImpl( 6749): CPU Rendering VSync enable = true
I/FloatWindowManagerService( 2267): get action is : vivo.intent.action.CHECK_ALERT_WINDOW
V/ResourcesManager( 6749): Skipping new config: curSeq=5, newSeq=5
V/WindowManager( 1415): Adding window Window{b12a964 u0 SurfaceView} at 8 of 15 (before Window{31ca62f6 u0 com.bbk.facewake})
I/CameraClient(  449): Opening camera 1
E/mm-camera(  489): module_sensor_init_session:977otp version 0
E/mm-camera-sensor(  489): sensor_sdk_util_get_kernel_i2c_addr_type:26Invalid addr_type = 0
E/mm-camera-sensor(  489): sensor_sdk_util_get_kernel_i2c_data_type:40Invalid addr_type = 0
E/mm-camera(  489): sensor_get_cur_chromatix_name:2518Error: Load default preview chroamtix
E/AEC_PORT(  489): aec_port_query_capabilities:334  Get AEC version function not implemented
E/hdr     (  489): module_hdr_lib_query_mod:181] Supported scenemode cnt 2
E/AEC_PORT(  489): aec_port_set_session_data:442  3A VERSION --> 5.0.0.r1
E/mm-camera-CORE(  489): af_alg_DCIAF_create:1592  Creation Successful
E/mm-camera-sensor(  489): port_sensor_caps_reserve:86session id doesn't match
E/mm-camera-sensor(  489): port_sensor_caps_reserve:86session id doesn't match
I/qdhwcomposer(  435): setCameraStatus  Not 8952?? return
W/Sensors (  662): sns_acm_mr.c(777):Request made to disabled service 20
W/Sensors (  662): sns_main.c(1340):Error writing request. sns_err 3 error 0 qmi_err 0
E/mm-camera-CORE(  489): dsps_process_response_gravity:804  dsps_process_response_gravity: Enable Request failed (err: 3)
E/mm-camera-CORE(  489): dsps_process_response_gyro:727  dsps_process_response_gyro: Request denied, error code = 5
I/Thermal-Lib(  449): Thermal-Lib-Client: Registraion successful for camera with handle:1
I/Thermal-Lib(  449): Thermal-Lib-Client: Registraion successful for camcorder with handle:2
I/ThermalEngine(  464): Thermal-Server: Adding thermal event listener on fd 13
I/Thermal-Lib(  449): Thermal-Lib-Client: Client received msg camera 0
I/Thermal-Lib(  449): Thermal-Lib-Client: Client received msg camcorder 0
E/mm-camera(  489): sensor_get_cur_chromatix_name:2518Error: Load default preview chroamtix
E/mm-camera-CORE(  489): af_port_set_haf_enable:2318  PDAF is being disabled as supported=0 and LIB Presence=1
E/mm-camera-CORE(  489): af_port_set_haf_enable:2324  DCiAF is being disabled
E/mm-camera-CORE(  489): af_port_set_haf_enable:2333  VIVO PDAF is being disabled as supported=0 and LIB Presence=1
E/mm-camera-CORE(  489): aec_calculate_sensitivity:190  Set sensor configuration has not been set
E/mm-camera-CORE(  489): aec_set_fps_range:1008  Aec_Error invalid input 364 
E/mm-camera-CORE(  489): af_haf_update_tuning_data:782  ERROR: HAF init pos is invalid, disable set init pos
E/mm-camera-CORE(  489): af_haf_mixer_active_algo_selection:251  af_haf_mixer_active_algo_selection:ERROR! Unable to find active mixer algo !! 
E/mm-camera-CORE(  489): af_haf_update_tuning_data:795  af_haf_update_tuning_data: ERROR, set_tuning()!
E/mm-camera(  489): iface_util_set_hfr: can't find hw stream, only save hfr mode
D/MediaPlayerService(  449): AddPlayer, (449,39,1013) sourceType:0
V/NuPlayerDriver(  449): NuPlayerDriver(0xab289658)
V/Camera  ( 6749): isNormalCamera packageName = com.bbk.facewake
V/Camera  ( 6749): sendOpenCameraBroadCast isNormalCamera = false
V/NuPlayerDriver(  449): setDataSource(0xab289658) url(<no-scheme URI suppressed>)
I/NuPlayer(  449): local stream:/system/media/audio/ui/camera_click.ogg
V/NuPlayer(  449): kWhatSetAudioSink
V/NuPlayer(  449): kWhatSetDataSource
V/NuPlayerDriver(  449): prepareAsync(0xab289658)
D/Camera  ( 6749): closeFlashlightService package name com.bbk.facewake
V/Camera  ( 6749): sendStartPreviewBroadCast
I/ContentPipe(  449): cache heat 0.00(1/1), cache efficiency 0.008(32/4096)
I/VivoExtractorHelper(  449): vivo sniff result: application/ogg
I/VivoExtractorHelper(  449): SniffMedia takes 0 msecs
V/MediaExtractor(  449): Autodetected media content as 'application/ogg' with confidence 1.00
I/FingerprintServiceFPC( 2543): start preview: arg1: false arg2: 0 arg3: true
D/ExtendedUtils(  449): extended extractor not needed, return default
I/MediaPlayer(  449): prepared
D/MediaPlayerService(  449): AddPlayer, (449,40,1013) sourceType:0
V/NuPlayerDriver(  449): NuPlayerDriver(0xab2d6120)
V/NuPlayerDriver(  449): setDataSource(0xab2d6120) url(<no-scheme URI suppressed>)
I/NuPlayer(  449): local stream:/system/media/audio/ui/VideoRecord.ogg
V/NuPlayer(  449): kWhatSetAudioSink
V/NuPlayer(  449): kWhatSetDataSource
V/NuPlayerDriver(  449): prepareAsync(0xab2d6120)
W/ContextImpl( 6749): Calling a method in the system process without a qualified user: android.app.ContextImpl.sendBroadcast:1373 android.content.ContextWrapper.sendBroadcast:377 android.hardware.Camera.sendOpenCameraBroadCast:5969 android.hardware.Camera.<init>:618 android.hardware.Camera.open:399 
W/ContextImpl( 6749): Calling a method in the system process without a qualified user: android.app.ContextImpl.sendBroadcast:1373 android.content.ContextWrapper.sendBroadcast:377 android.hardware.Camera.sendStartPreviewBroadCast:6006 android.hardware.Camera.startPreview:861 com.bbk.facewake.FaceWakeService.surfaceCreated:250 
I/ContentPipe(  449): cache heat 0.00(1/1), cache efficiency 0.008(32/4096)
I/VivoExtractorHelper(  449): vivo sniff result: application/ogg
I/VivoExtractorHelper(  449): SniffMedia takes 0 msecs
V/MediaExtractor(  449): Autodetected media content as 'application/ogg' with confidence 1.00
E/mm-camera-sensor(  489): port_sensor_caps_reserve:86session id doesn't match
E/mm-camera-sensor(  489): port_sensor_caps_reserve:86session id doesn't match
E/mm-camera-intf(  449): mm_stream_get_v4l2_fmt: Unknown fmt=100
D/ExtendedUtils(  449): extended extractor not needed, return default
I/MediaPlayer(  449): prepared
E/mm-camera-sensor(  489): port_sensor_caps_reserve:86session id doesn't match
E/mm-camera-sensor(  489): port_sensor_caps_reserve:86session id doesn't match
E/QCamera2HWI(  449): int32_t qcamera::QCamera2HardwareInterface::waitDeferredWork(uint32_t&): Invalid job id 0
E/mm-camera-intf(  449): mm_stream_get_v4l2_fmt: Unknown fmt=103
E/mm-camera(  489): pproc_module_offline_stream_param_buf:2212 failed: parm_buf.type is invalid
E/mm-camera(  489): pproc_module_offline_stream_param_buf:2212 failed: parm_buf.type is invalid
E/mm-camera-CORE(  489): af_port_handle_sensor_update:2975  Depth_Err: actuator sensitivity: 0.000000 is invalid
E/mm-camera(  489): Crop param invalid 1920, reset to 0
E/mm-camera(  489): Crop param invalid 1080, reset to 0
E/mm-camera-isp2(  489): scaler44_handle_isp_private_event:1527 failed: invalid private event 22
E/mm-camera-CORE(  489): af_port_set_haf_enable:2318  PDAF is being disabled as supported=0 and LIB Presence=1
E/mm-camera-CORE(  489): af_port_set_haf_enable:2324  DCiAF is being disabled
E/mm-camera-CORE(  489): af_port_set_haf_enable:2333  VIVO PDAF is being disabled as supported=0 and LIB Presence=1
E/mm-camera-CORE(  489): aec_set_fps_range:1008  Aec_Error invalid input 364 
E/mm-camera-CORE(  489): af_haf_update_tuning_data:782  ERROR: HAF init pos is invalid, disable set init pos
E/mm-camera-CORE(  489): af_haf_mixer_active_algo_selection:251  af_haf_mixer_active_algo_selection:ERROR! Unable to find active mixer algo !! 
E/mm-camera-CORE(  489): af_haf_update_tuning_data:795  af_haf_update_tuning_data: ERROR, set_tuning()!
I/mm-camera-eztune(  489): EZTune: server not starting as eztune is disabled or sensor is YUV
E/mm-camera(  489): iface_util_dump_sensor_cfg: num_cid_ch= 1 num_meta_ch= 0 
E/mm-camera(  489): iface_util_dump_sensor_cfg: non meta cid[0] = 0 csid 1
E/mm-camera(  489): iface_util_dump_sensor_cfg: sensor dim: width = 2304, heght = 1296, fmt = 28, is_bayer = 1, init_skip = 2
E/mm-camera(  489): iface_util_dump_sensor_cfg: camif_crop: first_pix = 0, last_pix = 2303, first_line = 0, last_line = 1295, max_fps = 30
E/mm-camera(  489): iface_util_dump_sensor_cfg: meta info: num_meta = 0, format = 0, W 0, H 0
E/mm-camera-isp2(  489): scaler44_handle_isp_private_event:1527 failed: invalid private event 16
E/mm-camera-isp2(  489): scaler44_handle_isp_private_event:1527 failed: invalid private event 16
E/mm-camera-isp2(  489): scaler44_handle_isp_private_event:1527 failed: invalid private event 26
E/mm-camera-isp2(  489): scaler44_handle_isp_private_event:1527 failed: invalid private event 22
E/mm-camera-isp2(  489): scaler44_handle_isp_private_event:1527 failed: invalid private event 17
E/mm-camera-img(  489): faceproc_comp_get_param:304] Error
E/mm-camera(  489): module_faceproc_client_use_int_bufs:726] rc -4
E/mm-camera-isp2(  489): rs_stats44_stats_config_update:90 error: max_support_h_rgn invalid 8
E/mm-camera-CORE(  489): af_port_handle_sensor_update:2975  Depth_Err: actuator sensitivity: 0.000000 is invalid
E/mm-camera-isp2(  489): scaler44_handle_isp_private_event:1527 failed: invalid private event 22
E/mm-camera-isp2(  489): scaler44_handle_isp_private_event:1527 failed: invalid private event 22
E/mm-camera-isp2(  489): scaler44_handle_isp_private_event:1527 failed: invalid private event 17
E/mm-camera-isp2(  489): rs_stats44_stats_config_update:90 error: max_support_h_rgn invalid 8
E/mm-camera-isp2(  489): rs_stats44_trigger_update:515 error: max_algo_support_h_rgn 4 invalid
E/mm-camera-isp2(  489): isp_pipeline41_create_module_cfg_mask:502 invalid module id 42
E/mm-camera-isp2(  489): scaler44_handle_isp_private_event:1527 failed: invalid private event 17
D/mm-jpeg-intf(  449): jpeg_open, 381] reuse_reproc_buffer 0 
D/mm-jpeg-intf(  449): mm_jpeg_alloc_workbuffer, 1935] work_bufs_need 1 work_buf_cnt 0
D/mm-jpeg-intf(  449): mm_jpeg_alloc_workbuffer: Max picture size 4608 x 3456, WorkBufSize = 23887872
D/mm-jpeg-intf(  449): mm_jpeg_alloc_workbuffer, 1952] rc 0 
I/qomx_image_core(  449): OMX_Init:95] Complete 3
V/ResourcesManager( 6749): Skipping new config: curSeq=5, newSeq=5
W/Atfwd_Sendcmd(24388): AtCmdFwd service not published, waiting... retryCnt : 3
I/SurfaceFlinger(  435): FPS: 7
D/vivo_daemon:AnpDaemon(  409): start query abnormal logcat
D/vivo_daemon:AnpDaemon(  409): finish query abnormal logcat
D/UTAnalytics:CommitTask(22659): pid:22659 check&commit event:65502,
D/UTAnalytics:CommitTask(22659): pid:22659 check&commit event:65503,
D/UTAnalytics:CommitTask(22659): pid:22659 next:65503,
D/UTAnalytics:CommitTask(22659): pid:22659 check&commit event:65501,
D/UTAnalytics:CommitTask(22659): pid:22659 next:65501,
D/UTAnalytics:CommitTask(22659): pid:22659 next:65502,
D/VPS     ( 1415): debug PD1603 locationManager permission
D/VPS     ( 1415): debug PD1603 locationManager permission
E/mm-camera(  489): module_faceproc_client_handle_buf_divert:4093] avg_processed_interval = 16
E/mm-camera(  489): module_faceproc_client_handle_buf_divert:4093] avg_processed_interval = 33
E/mm-camera(  489): module_faceproc_client_handle_buf_divert:4093] avg_processed_interval = 49
E/mm-camera(  489): module_faceproc_client_handle_buf_divert:4093] avg_processed_interval = 66
E/mm-camera(  489): module_faceproc_client_handle_buf_divert:4093] avg_processed_interval = 82
E/mm-camera(  489): module_faceproc_client_handle_buf_divert:4093] avg_processed_interval = 99
E/mm-camera(  489): module_faceproc_client_handle_buf_divert:4093] avg_processed_interval = 77
E/mm-camera(  489): module_faceproc_client_handle_buf_divert:4093] avg_processed_interval = 88
E/mm-camera(  489): module_faceproc_client_handle_buf_divert:4093] avg_processed_interval = 99
E/mm-camera(  489): module_faceproc_client_handle_buf_divert:4093] avg_processed_interval = 82
E/mm-camera(  489): module_faceproc_client_handle_buf_divert:4093] avg_processed_interval = 90
E/mm-camera(  489): module_faceproc_client_handle_buf_divert:4093] avg_processed_interval = 99
E/mm-camera(  489): module_faceproc_client_handle_buf_divert:4093] avg_processed_interval = 85
E/mm-camera(  489): module_faceproc_client_handle_buf_divert:4093] avg_processed_interval = 92
E/mm-camera(  489): module_faceproc_client_handle_buf_divert:4093] avg_processed_interval = 99
I/SurfaceFlinger(  435): FPS: 31
E/mm-camera(  489): module_faceproc_client_handle_buf_divert:4093] avg_processed_interval = 88
E/mm-camera(  489): module_faceproc_client_handle_buf_divert:4093] avg_processed_interval = 93
E/mm-camera(  489): module_faceproc_client_handle_buf_divert:4093] avg_processed_interval = 99
E/mm-camera(  489): module_faceproc_client_handle_buf_divert:4093] avg_processed_interval = 89
E/mm-camera(  489): module_faceproc_client_handle_buf_divert:4093] avg_processed_interval = 94
E/mm-camera(  489): module_faceproc_client_handle_buf_divert:4093] avg_processed_interval = 99
E/mm-camera(  489): module_faceproc_client_handle_buf_divert:4093] avg_processed_interval = 90
E/mm-camera(  489): module_faceproc_client_handle_buf_divert:4093] avg_processed_interval = 95
E/mm-camera(  489): module_faceproc_client_handle_buf_divert:4093] avg_processed_interval = 99
E/mm-camera(  489): module_faceproc_client_handle_buf_divert:4093] avg_processed_interval = 91
E/mm-camera(  489): module_faceproc_client_handle_buf_divert:4093] avg_processed_interval = 95
E/mm-camera(  489): module_faceproc_client_handle_buf_divert:4093] avg_processed_interval = 99
E/mm-camera(  489): module_faceproc_client_handle_buf_divert:4093] avg_processed_interval = 92
E/mm-camera(  489): module_faceproc_client_handle_buf_divert:4093] avg_processed_interval = 95
E/mm-camera(  489): module_faceproc_client_handle_buf_divert:4093] avg_processed_interval = 99
E/mm-camera(  489): module_faceproc_client_handle_buf_divert:4093] avg_processed_interval = 93
E/mm-camera(  489): module_faceproc_client_handle_buf_divert:4093] avg_processed_interval = 96
E/mm-camera(  489): module_faceproc_client_handle_buf_divert:4093] avg_processed_interval = 99
E/mm-camera(  489): module_faceproc_client_handle_buf_divert:4093] avg_processed_interval = 93
E/mm-camera(  489): module_faceproc_client_handle_buf_divert:4093] avg_processed_interval = 96
E/mm-camera(  489): module_faceproc_client_handle_buf_divert:4093] avg_processed_interval = 99
E/mm-camera(  489): module_faceproc_client_handle_buf_divert:4093] avg_processed_interval = 94
E/mm-camera(  489): module_faceproc_client_handle_buf_divert:4093] avg_processed_interval = 96
E/mm-camera(  489): module_faceproc_client_handle_buf_divert:4093] avg_processed_interval = 99
E/mm-camera(  489): module_faceproc_client_handle_buf_divert:4093] avg_processed_interval = 94
E/mm-camera(  489): module_faceproc_client_handle_buf_divert:4093] avg_processed_interval = 96
I/VivoNetworkController( 2060): SystemUI|mWifiEnabled && mWifiConnected = true
E/mm-camera(  489): module_faceproc_client_handle_buf_divert:4093] avg_processed_interval = 99
E/mm-camera(  489): module_faceproc_client_handle_buf_divert:4093] avg_processed_interval = 94
E/mm-camera(  489): module_faceproc_client_handle_buf_divert:4093] avg_processed_interval = 97
E/mm-camera(  489): module_faceproc_client_handle_buf_divert:4093] avg_processed_interval = 99
E/mm-camera(  489): module_faceproc_client_handle_buf_divert:4093] avg_processed_interval = 95
I/SurfaceFlinger(  435): FPS: 31
E/mm-camera(  489): module_faceproc_client_handle_buf_divert:4093] avg_processed_interval = 97
E/mm-camera(  489): module_faceproc_client_handle_buf_divert:4093] avg_processed_interval = 99
E/mm-camera(  489): module_faceproc_client_handle_buf_divert:4093] avg_processed_interval = 95
E/mm-camera(  489): module_faceproc_client_handle_buf_divert:4093] avg_processed_interval = 97
E/mm-camera(  489): module_faceproc_client_handle_buf_divert:4093] avg_processed_interval = 99
E/mm-camera(  489): module_faceproc_client_handle_buf_divert:4093] avg_processed_interval = 95
E/mm-camera(  489): module_faceproc_client_handle_buf_divert:4093] avg_processed_interval = 97
E/mm-camera(  489): module_faceproc_client_handle_buf_divert:4093] avg_processed_interval = 99
E/mm-camera(  489): module_faceproc_client_handle_buf_divert:4093] avg_processed_interval = 95
E/mm-camera(  489): module_faceproc_client_handle_buf_divert:4093] avg_processed_interval = 97
E/mm-camera(  489): module_faceproc_client_handle_buf_divert:4093] avg_processed_interval = 99
E/mm-camera(  489): module_faceproc_client_handle_buf_divert:4093] avg_processed_interval = 95
E/mm-camera(  489): module_faceproc_client_handle_buf_divert:4093] avg_processed_interval = 97
E/mm-camera(  489): module_faceproc_client_handle_buf_divert:4093] avg_processed_interval = 99
E/mm-camera(  489): module_faceproc_client_handle_buf_divert:4093] avg_processed_interval = 96
E/mm-camera(  489): module_faceproc_client_handle_buf_divert:4093] avg_processed_interval = 97
E/mm-camera(  489): module_faceproc_client_handle_buf_divert:4093] avg_processed_interval = 99
E/mm-camera(  489): module_faceproc_client_handle_buf_divert:4093] avg_processed_interval = 96
V/VivoStats( 1415): noteScreenBrightness brightness = 45
V/PowerEffectManager( 2430): note what = 2, arg1 = 45, arg2 = 0
D/AutoBrightnessManager( 1415): notifyStateChanged STATE_SCREEN_DIM
D/BrightnessProviderNormal( 1415): notifyStateChanged un-known:4
D/DisplayPowerController( 1415): updatePowerState: mPowerRequest.useProximitySensor=false, mProximity=Unknown, mScreenOffBecauseOfProximity=false mPowerRequest.screenState = ON mWaitingForNegativeProximity = false
D/DisplayPowerController( 1415): updatePowerState use=true enabled=true  state=ON block=false
D/DisplayPowerController( 1415): chenyishi AAL AAL AAL
D/DisplayPowerController( 1415): dim befor brightness = 72
D/DisplayPowerController( 1415): dim  brightness = 45
D/DisplayPowerController( 1415): updatePowerState: mPowerRequest.useProximitySensor=false, mProximity=Unknown, mScreenOffBecauseOfProximity=false mPowerRequest.screenState = ON mWaitingForNegativeProximity = false
D/DisplayPowerState( 1415): Updating screen state: state=ON, backlight=45, backlightChanged=true mPowerAssistantMode=0
D/DisplayPowerController( 1415): updatePowerState use=true enabled=true  state=ON block=false
D/DisplayPowerController( 1415): chenyishi AAL AAL AAL
D/DisplayPowerController( 1415): dim befor brightness = 72
D/DisplayPowerController( 1415): dim  brightness = 45
D/BBKTouchScreenService( 1415): Super power save property is false
D/BBKTouchScreenService( 1415): Set LCD backlight state ON
D/BBKTouchScreenService( 1415): The mProximiteListenerRegistered is 0 on is false
D/DisplayPowerController( 1415): updatePowerState: mPowerRequest.useProximitySensor=false, mProximity=Unknown, mScreenOffBecauseOfProximity=false mPowerRequest.screenState = ON mWaitingForNegativeProximity = false
D/DisplayPowerController( 1415): updatePowerState use=true enabled=true  state=ON block=false
D/DisplayPowerController( 1415): chenyishi AAL AAL AAL
D/DisplayPowerController( 1415): dim befor brightness = 72
D/DisplayPowerController( 1415): dim  brightness = 45
E/mm-camera(  489): module_faceproc_client_handle_buf_divert:4093] avg_processed_interval = 97
E/mm-camera(  489): module_faceproc_client_handle_buf_divert:4093] avg_processed_interval = 99
E/mm-camera(  489): module_faceproc_client_handle_buf_divert:4093] avg_processed_interval = 96
E/mm-camera(  489): module_faceproc_client_handle_buf_divert:4093] avg_processed_interval = 97
E/mm-camera(  489): module_faceproc_client_handle_buf_divert:4093] avg_processed_interval = 99
E/mm-camera(  489): module_faceproc_client_handle_buf_divert:4093] avg_processed_interval = 96
E/mm-camera(  489): module_faceproc_client_handle_buf_divert:4093] avg_processed_interval = 97
E/mm-camera(  489): module_faceproc_client_handle_buf_divert:4093] avg_processed_interval = 99
E/mm-camera(  489): module_faceproc_client_handle_buf_divert:4093] avg_processed_interval = 96
E/mm-camera(  489): module_faceproc_client_handle_buf_divert:4093] avg_processed_interval = 97
E/mm-camera(  489): module_faceproc_client_handle_buf_divert:4093] avg_processed_interval = 99
E/mm-camera(  489): module_faceproc_client_handle_buf_divert:4093] avg_processed_interval = 96
E/mm-camera(  489): module_faceproc_client_handle_buf_divert:4093] avg_processed_interval = 97
I/SurfaceFlinger(  435): FPS: 31
E/mm-camera(  489): module_faceproc_client_handle_buf_divert:4093] avg_processed_interval = 99
E/mm-camera(  489): module_faceproc_client_handle_buf_divert:4093] avg_processed_interval = 96
E/mm-camera(  489): module_faceproc_client_handle_buf_divert:4093] avg_processed_interval = 97
E/mm-camera(  489): module_faceproc_client_handle_buf_divert:4093] avg_processed_interval = 99
E/mm-camera(  489): module_faceproc_client_handle_buf_divert:4093] avg_processed_interval = 96
E/mm-camera(  489): module_faceproc_client_handle_buf_divert:4093] avg_processed_interval = 98
E/mm-camera(  489): module_faceproc_client_handle_buf_divert:4093] avg_processed_interval = 99
E/mm-camera(  489): module_faceproc_client_handle_buf_divert:4093] avg_processed_interval = 96
E/mm-camera(  489): module_faceproc_client_handle_buf_divert:4093] avg_processed_interval = 98
E/mm-camera(  489): module_faceproc_client_handle_buf_divert:4093] avg_processed_interval = 99
E/mm-camera(  489): module_faceproc_client_handle_buf_divert:4093] avg_processed_interval = 97
E/mm-camera(  489): module_faceproc_client_handle_buf_divert:4093] avg_processed_interval = 98
E/mm-camera(  489): module_faceproc_client_handle_buf_divert:4093] avg_processed_interval = 99
E/mm-camera(  489): module_faceproc_client_handle_buf_divert:4093] avg_processed_interval = 97
E/mm-camera(  489): module_faceproc_client_handle_buf_divert:4093] avg_processed_interval = 98
E/mm-camera(  489): module_faceproc_client_handle_buf_divert:4093] avg_processed_interval = 99
E/mm-camera(  489): module_faceproc_client_handle_buf_divert:4093] avg_processed_interval = 97
E/mm-camera(  489): module_faceproc_client_handle_buf_divert:4093] avg_processed_interval = 98
E/mm-camera(  489): module_faceproc_client_handle_buf_divert:4093] avg_processed_interval = 99
E/mm-camera(  489): module_faceproc_client_handle_buf_divert:4093] avg_processed_interval = 97
E/mm-camera(  489): module_faceproc_client_handle_buf_divert:4093] avg_processed_interval = 98
E/mm-camera(  489): module_faceproc_client_handle_buf_divert:4093] avg_processed_interval = 99
E/mm-camera(  489): module_faceproc_client_handle_buf_divert:4093] avg_processed_interval = 97
E/mm-camera(  489): module_faceproc_client_handle_buf_divert:4093] avg_processed_interval = 98
E/qti_sensors_hal( 1415): w_orient output WORT -1 0 0
V/WindowOrientationListener( 1415): w_orient: framework Raw window_orientation data: x=-1.0, y=0.0, z=0.0
V/WindowOrientationListener( 1415): w_orient: oldProposedRotation=0 proposedRotation=-1
E/mm-camera(  489): module_faceproc_client_handle_buf_divert:4093] avg_processed_interval = 99
E/mm-camera(  489): module_faceproc_client_handle_buf_divert:4093] avg_processed_interval = 97
E/qti_sensors_hal( 1415): w_orient output WORT 0 54 20
E/mm-camera(  489): module_faceproc_client_handle_buf_divert:4093] avg_processed_interval = 98
V/WindowOrientationListener( 1415): w_orient: framework Raw window_orientation data: x=0.0, y=54.0, z=20.0
V/WindowOrientationListener( 1415): w_orient: oldProposedRotation=-1 proposedRotation=0
V/WindowOrientationListener( 1415): Proposed rotation changed!  proposedRotation=0, oldProposedRotation=-1
V/WindowOrientationListener( 1415): getProposedRotationLocked  mEnabled true isenalbeAcc true
E/mm-camera(  489): module_faceproc_client_handle_buf_divert:4093] avg_processed_interval = 99
E/qti_sensors_hal( 1415): w_orient output WORT 0 54 20
V/WindowOrientationListener( 1415): w_orient: framework Raw window_orientation data: x=0.0, y=54.0, z=20.0
V/WindowOrientationListener( 1415): w_orient: oldProposedRotation=0 proposedRotation=0
E/mm-camera(  489): module_faceproc_client_handle_buf_divert:4093] avg_processed_interval = 97
E/mm-camera(  489): module_faceproc_client_handle_buf_divert:4093] avg_processed_interval = 98
E/qti_sensors_hal( 1415): w_orient output WORT 0 54 20
V/WindowOrientationListener( 1415): w_orient: framework Raw window_orientation data: x=0.0, y=54.0, z=20.0
V/WindowOrientationListener( 1415): w_orient: oldProposedRotation=0 proposedRotation=0
E/mm-camera(  489): module_faceproc_client_handle_buf_divert:4093] avg_processed_interval = 99
I/SurfaceFlinger(  435): FPS: 31
E/mm-camera(  489): module_faceproc_client_handle_buf_divert:4093] avg_processed_interval = 97
E/qti_sensors_hal( 1415): w_orient output WORT 0 54 20
V/WindowOrientationListener( 1415): w_orient: framework Raw window_orientation data: x=0.0, y=54.0, z=20.0
V/WindowOrientationListener( 1415): w_orient: oldProposedRotation=0 proposedRotation=0
E/mm-camera(  489): module_faceproc_client_handle_buf_divert:4093] avg_processed_interval = 98
E/mm-camera(  489): module_faceproc_client_handle_buf_divert:4093] avg_processed_interval = 99
I/MSM-irqbalance(  720): Decided to move IRQ84 from CPU0 to CPU2
E/qti_sensors_hal( 1415): w_orient output WORT 0 54 20
E/mm-camera(  489): module_faceproc_client_handle_buf_divert:4093] avg_processed_interval = 97
V/WindowOrientationListener( 1415): w_orient: framework Raw window_orientation data: x=0.0, y=54.0, z=20.0
V/WindowOrientationListener( 1415): w_orient: oldProposedRotation=0 proposedRotation=0
E/mm-camera(  489): module_faceproc_client_handle_buf_divert:4093] avg_processed_interval = 98
E/mm-camera(  489): module_faceproc_client_handle_buf_divert:4093] avg_processed_interval = 99
E/mm-camera(  489): module_faceproc_client_handle_buf_divert:4093] avg_processed_interval = 97
E/mm-camera(  489): module_faceproc_client_handle_buf_divert:4093] avg_processed_interval = 98
E/mm-camera(  489): module_faceproc_client_handle_buf_divert:4093] avg_processed_interval = 99
E/mm-camera(  489): module_faceproc_client_handle_buf_divert:4093] avg_processed_interval = 97
E/mm-camera(  489): module_faceproc_client_handle_buf_divert:4093] avg_processed_interval = 98
E/mm-camera(  489): module_faceproc_client_handle_buf_divert:4093] avg_processed_interval = 99
E/mm-camera(  489): module_faceproc_client_handle_buf_divert:4093] avg_processed_interval = 97
E/mm-camera(  489): module_faceproc_client_handle_buf_divert:4093] avg_processed_interval = 98
E/mm-camera(  489): module_faceproc_client_handle_buf_divert:4093] avg_processed_interval = 99
E/mm-camera(  489): module_faceproc_client_handle_buf_divert:4093] avg_processed_interval = 97
E/mm-camera(  489): module_faceproc_client_handle_buf_divert:4093] avg_processed_interval = 98
E/mm-camera(  489): module_faceproc_client_handle_buf_divert:4093] avg_processed_interval = 99
E/mm-camera(  489): module_faceproc_client_handle_buf_divert:4093] avg_processed_interval = 97
E/mm-camera(  489): module_faceproc_client_handle_buf_divert:4093] avg_processed_interval = 98
E/mm-camera(  489): module_faceproc_client_handle_buf_divert:4093] avg_processed_interval = 99
E/mm-camera(  489): module_faceproc_client_handle_buf_divert:4093] avg_processed_interval = 97
E/mm-camera(  489): module_faceproc_client_handle_buf_divert:4093] avg_processed_interval = 98
E/mm-camera(  489): module_faceproc_client_handle_buf_divert:4093] avg_processed_interval = 99
E/mm-camera(  489): module_faceproc_client_handle_buf_divert:4093] avg_processed_interval = 97
E/mm-camera(  489): module_faceproc_client_handle_buf_divert:4093] avg_processed_interval = 98
E/mm-camera(  489): module_faceproc_client_handle_buf_divert:4093] avg_processed_interval = 99
E/mm-camera(  489): module_faceproc_client_handle_buf_divert:4093] avg_processed_interval = 97
E/mm-camera(  489): module_faceproc_client_handle_buf_divert:4093] avg_processed_interval = 98
E/mm-camera(  489): module_faceproc_client_handle_buf_divert:4093] avg_processed_interval = 99
E/mm-camera(  489): module_faceproc_client_handle_buf_divert:4093] avg_processed_interval = 97
I/SurfaceFlinger(  435): FPS: 30
E/mm-camera(  489): module_faceproc_client_handle_buf_divert:4093] avg_processed_interval = 98
E/mm-camera(  489): module_faceproc_client_handle_buf_divert:4093] avg_processed_interval = 99
E/mm-camera(  489): module_faceproc_client_handle_buf_divert:4093] avg_processed_interval = 97
E/mm-camera(  489): module_faceproc_client_handle_buf_divert:4093] avg_processed_interval = 98
E/mm-camera(  489): module_faceproc_client_handle_buf_divert:4093] avg_processed_interval = 99
E/mm-camera(  489): module_faceproc_client_handle_buf_divert:4093] avg_processed_interval = 97
E/mm-camera(  489): module_faceproc_client_handle_buf_divert:4093] avg_processed_interval = 98
E/mm-camera(  489): module_faceproc_client_handle_buf_divert:4093] avg_processed_interval = 99
E/mm-camera(  489): module_faceproc_client_handle_buf_divert:4093] avg_processed_interval = 97
E/mm-camera(  489): module_faceproc_client_handle_buf_divert:4093] avg_processed_interval = 98
E/mm-camera(  489): module_faceproc_client_handle_buf_divert:4093] avg_processed_interval = 99
E/mm-camera(  489): module_faceproc_client_handle_buf_divert:4093] avg_processed_interval = 97
E/mm-camera(  489): module_faceproc_client_handle_buf_divert:4093] avg_processed_interval = 98
E/mm-camera(  489): module_faceproc_client_handle_buf_divert:4093] avg_processed_interval = 99
E/mm-camera(  489): module_faceproc_client_handle_buf_divert:4093] avg_processed_interval = 97
E/mm-camera(  489): module_faceproc_client_handle_buf_divert:4093] avg_processed_interval = 98
E/mm-camera(  489): module_faceproc_client_handle_buf_divert:4093] avg_processed_interval = 99
