V/AlarmAlign( 1415): addAlarm pkg = android, action = com.android.server.task.controllers.BatteryController.ACTION_CHARGING_STABLE, whenElapsed = 3518091
V/DeviceContext( 1415): mBroadcastReceiver - android.intent.action.ACTION_POWER_CONNECTED
V/DeviceContext( 1415): mChargeState - 0; chargerState - 1
D/Ulp_jni ( 1415): JNI:system_update. Event-2
E/LocSvc_libulp( 1415): W/Loc HAL handshake did not happen yet...
D/LBSSystemMonitorService( 1415): handleMessage what - 11
D/DeviceContext( 1415): handleMessage what - 1
I/ContentPipe(  449): cache heat 0.00(1/1), cache efficiency 0.008(32/4096)
I/VivoExtractorHelper(  449): vivo sniff result: application/ogg
I/VivoExtractorHelper(  449): SniffMedia takes 0 msecs
V/MediaExtractor(  449): Autodetected media content as 'application/ogg' with confidence 1.00
D/ExtendedUtils(  449): extended extractor not needed, return default
I/MediaPlayer( 2430): prepared
E/MediaPlayer( 2430): Should have subtitle controller already set
D/Ringtone( 2430): Successfully created local player
I/MediaPlayer( 2430): reset
D/NuPlayerDriver(  449): reset(0xab2aff58)
D/NuPlayer(  449): resetAsync, mSource->disconnect() +++
D/NuPlayer(  449): resetAsync, mSource->disconnect() ---
D/NuPlayerDriver(  449): reset STATE_RESET_IN_PROGRESS +++
V/NuPlayer(  449): kWhatReset
V/NuPlayer(  449): performDecoderFlush audio=2, video=2
V/NuPlayer(  449): performReset
D/NuPlayerDriver(  449): notifyResetComplete(0xab2aff58)
D/NuPlayerDriver(  449): reset STATE_RESET_IN_PROGRESS ---
D/NuPlayerDriver(  449): reset(0xab2aff58)
V/NuPlayerDriver(  449): ~NuPlayerDriver(0xab2aff58)
D/MediaPlayerService(  449): RemovePlayer, (2430,45,1000)
D/MediaPlayerService(  449): AddPlayer, (2430,46,1000) sourceType:0
V/NuPlayerDriver(  449): NuPlayerDriver(0xab2aff58)
V/NuPlayerDriver(  449): setDataSource(0xab2aff58) file(48)
I/NuPlayer(  449): This is local file play
V/NuPlayer(  449): kWhatSetAudioSink
V/NuPlayer(  449): kWhatSetDataSource
V/NuPlayerDriver(  449): prepareAsync(0xab2aff58)
I/SurfaceFlinger(  435): FPS: 1
I/ContentPipe(  449): cache heat 0.00(1/1), cache efficiency 0.008(32/4096)
I/VivoExtractorHelper(  449): vivo sniff result: application/ogg
I/VivoExtractorHelper(  449): SniffMedia takes 0 msecs
V/MediaExtractor(  449): Autodetected media content as 'application/ogg' with confidence 1.00
D/ExtendedUtils(  449): extended extractor not needed, return default
I/MediaPlayer( 2430): prepared
E/MediaPlayer( 2430): Should have subtitle controller already set
D/Ringtone( 2430): Successfully created local player
I/WarningMessage( 2430): receiver: action isandroid.intent.action.ACTION_POWER_CONNECTED mBatteryPowerConnetDialog=false mShowChargerOverVoltageDialog=true
I/WarningMessage( 2430): receiver: power connected
E/MediaPlayer( 2430): Should have subtitle controller already set
E/NetlinkEvent(  444): NetlinkEvent::FindParam(): Parameter 'ALERT_NAME' not found
E/NetlinkEvent(  434): NetlinkEvent::FindParam(): Parameter 'ALERT_NAME' not found
D/BatteryService( 1415): Processing new values: chargerAcOnline=false, chargerUsbOnline=true, chargerWirelessOnline=false, batteryStatus=2, batteryHealth=2, batteryPresent=true, batteryLevel=77, batteryTechnology=Li-ion, batteryVoltage=4127, batteryTemperature=287, mBatteryLevelCritical=false, mPlugType=2
E/NetlinkEvent(  434): NetlinkEvent::FindParam(): Parameter 'ALERT_NAME' not found
E/NetlinkEvent(  444): NetlinkEvent::FindParam(): Parameter 'ALERT_NAME' not found
D/BatteryService( 1415): Processing new values: chargerAcOnline=false, chargerUsbOnline=true, chargerWirelessOnline=false, batteryStatus=2, batteryHealth=2, batteryPresent=true, batteryLevel=77, batteryTechnology=Li-ion, batteryVoltage=4127, batteryTemperature=287, mBatteryLevelCritical=false, mPlugType=2
E/NetlinkEvent(  434): NetlinkEvent::FindParam(): Parameter 'ALERT_NAME' not found
E/NetlinkEvent(  444): NetlinkEvent::FindParam(): Parameter 'ALERT_NAME' not found
D/BatteryService( 1415): Processing new values: chargerAcOnline=false, chargerUsbOnline=true, chargerWirelessOnline=false, batteryStatus=2, batteryHealth=2, batteryPresent=true, batteryLevel=77, batteryTechnology=Li-ion, batteryVoltage=4127, batteryTemperature=287, mBatteryLevelCritical=false, mPlugType=2
W/UsbDeviceManager( 1415): handleMessage - 0
V/NotificationService( 1415): enqueueNotificationInternal: pkg=android id=110110 notification=Notification(pri=0 contentView=null vibrate=null sound=null defaults=0x0 flags=0x2 color=0xff607d8b vis=PUBLIC)
D/ValidateNoPeople( 1415): DEBUG_GROUP:validatePeople key=0|android|110110|null|1000|0
V/UsbDeviceManager( 1415): USB UEVENT: {USB_STATE=CONNECTED, SUBSYSTEM=android_usb, SEQNUM=3887, ACTION=change, DEVPATH=/devices/virtual/android_usb/android0}
E/NetlinkEvent(  444): NetlinkEvent::FindParam(): Parameter 'ALERT_NAME' not found
I/UsbDeviceManager( 1415): show usb adb notification,  mAdbEnabled:true mConnected:true mAdbTipsNotificationIsShown:false mAdbNotificationShown:false
E/NetlinkEvent(  434): NetlinkEvent::FindParam(): Parameter 'ALERT_NAME' not found
D/ValidateNoPeople( 1415): searchContacts
D/ValidateNoPeople( 1415): java.lang.RuntimeException: here
D/ValidateNoPeople( 1415): 	at com.android.server.notification.ValidateNotificationPeople.validatePeople(ValidateNotificationPeople.java:234)
D/ValidateNoPeople( 1415): 	at com.android.server.notification.ValidateNotificationPeople.validatePeople(ValidateNotificationPeople.java:225)
D/ValidateNoPeople( 1415): 	at com.android.server.notification.ValidateNotificationPeople.process(ValidateNotificationPeople.java:151)
D/ValidateNoPeople( 1415): 	at com.android.server.notification.RankingHelper.extractSignals(RankingHelper.java:135)
D/ValidateNoPeople( 1415): 	at com.android.server.notification.NotificationManagerService$9.run(NotificationManagerService.java:2587)
D/ValidateNoPeople( 1415): 	at android.os.Handler.handleCallback(Handler.java:739)
D/ValidateNoPeople( 1415): 	at android.os.Handler.dispatchMessage(Handler.java:95)
D/ValidateNoPeople( 1415): 	at android.os.Looper.loop(Looper.java:135)
D/ValidateNoPeople( 1415): 	at com.android.server.SystemServer.run(SystemServer.java:310)
D/ValidateNoPeople( 1415): 	at com.android.server.SystemServer.main(SystemServer.java:211)
D/ValidateNoPeople( 1415): 	at java.lang.reflect.Method.invoke(Native Method)
D/ValidateNoPeople( 1415): 	at java.lang.reflect.Method.invoke(Method.java:372)
D/ValidateNoPeople( 1415): 	at com.android.internal.os.ZygoteInit$MethodAndArgsCaller.run(ZygoteInit.java:1037)
D/ValidateNoPeople( 1415): 	at com.android.internal.os.ZygoteInit.main(ZygoteInit.java:832)
V/NotificationService( 1415): Interrupting!
I/PhoneStatusBar( 2060): SystemUI|addNotification key = 0|android|110110|null|1000|0, pkg is android, instanceId is 0, id is 110110, ticker is  USB 
I/PhoneStatusBar( 2060): SystemUI|isHeadsUpForbid = false
V/NotificationService( 1415): enqueueNotificationInternal: pkg=android id=10011 notification=Notification(pri=2 contentView=null vibrate=null sound=null defaults=0x0 flags=0x2 color=0xff00aeff vis=PRIVATE)
D/ValidateNoPeople( 1415): DEBUG_GROUP:validatePeople key=0|android|10011|null|1000|0
W/UsbDeviceManager( 1415): handleMessage - 100
D/ValidateNoPeople( 1415): searchContacts
D/ValidateNoPeople( 1415): java.lang.RuntimeException: here
D/ValidateNoPeople( 1415): 	at com.android.server.notification.ValidateNotificationPeople.validatePeople(ValidateNotificationPeople.java:234)
D/ValidateNoPeople( 1415): 	at com.android.server.notification.ValidateNotificationPeople.validatePeople(ValidateNotificationPeople.java:225)
D/ValidateNoPeople( 1415): 	at com.android.server.notification.ValidateNotificationPeople.process(ValidateNotificationPeople.java:151)
D/ValidateNoPeople( 1415): 	at com.android.server.notification.RankingHelper.extractSignals(RankingHelper.java:135)
D/ValidateNoPeople( 1415): 	at com.android.server.notification.NotificationManagerService$9.run(NotificationManagerService.java:2587)
D/ValidateNoPeople( 1415): 	at android.os.Handler.handleCallback(Handler.java:739)
D/ValidateNoPeople( 1415): 	at android.os.Handler.dispatchMessage(Handler.java:95)
D/ValidateNoPeople( 1415): 	at android.os.Looper.loop(Looper.java:135)
D/ValidateNoPeople( 1415): 	at com.android.server.SystemServer.run(SystemServer.java:310)
D/ValidateNoPeople( 1415): 	at com.android.server.SystemServer.main(SystemServer.java:211)
D/ValidateNoPeople( 1415): 	at java.lang.reflect.Method.invoke(Native Method)
D/ValidateNoPeople( 1415): 	at java.lang.reflect.Method.invoke(Method.java:372)
D/ValidateNoPeople( 1415): 	at com.android.internal.os.ZygoteInit$MethodAndArgsCaller.run(ZygoteInit.java:1037)
D/ValidateNoPeople( 1415): 	at com.android.internal.os.ZygoteInit.main(ZygoteInit.java:832)
I/SmartMultiWindowUtils( 2060): SystemUI|isForbidBySmartMultiWindow = false, isSpecificFullScreen = false, isSmartMutiWindow false
I/HeadsUp ( 2060): SystemUI|show headsupview failed because:  situation 1:    mUseHeadsUp:  true   shouldInterrupt(notification): false      situation 2:      !isHoodAvailableForNotification:  true   !considerAsOngoing(notification):  false   tickerIsNotNull:  true
I/MtpReceiver( 3371): intent.getAction() = android.hardware.usb.action.USB_STATE, time = 1482994999088
I/MtpReceiver( 3371): functions = mtp,adbconfigure = false
I/MtpReceiver( 3371): mMtpStartTime = 1482994999089
E/NetlinkEvent(  444): NetlinkEvent::FindParam(): Parameter 'ALERT_NAME' not found
V/NotificationService( 1415): pkg=android canInterrupt=true intercept=false
E/NetlinkEvent(  434): NetlinkEvent::FindParam(): Parameter 'ALERT_NAME' not found
E/NetlinkEvent(  434): NetlinkEvent::FindParam(): Parameter 'ALERT_NAME' not found
E/NetlinkEvent(  444): NetlinkEvent::FindParam(): Parameter 'ALERT_NAME' not found
V/UsbDeviceManager( 1415): USB UEVENT: {USB_STATE=DISCONNECTED, SUBSYSTEM=android_usb, SEQNUM=3889, ACTION=change, DEVPATH=/devices/virtual/android_usb/android0}
D/UsbDeviceManager( 1415): updateUsbNotification - containsFunction: USB_FUNCTION_MTP 
I/UsbDeviceManager( 1415): mUsbNotificationId:0 usbTempId:17040679 mCurrentFunctions:mtp,adb mDefaultFunctions:mtp,adb
D/BatteryService( 1415): Processing new values: chargerAcOnline=false, chargerUsbOnline=true, chargerWirelessOnline=false, batteryStatus=2, batteryHealth=2, batteryPresent=true, batteryLevel=77, batteryTechnology=Li-ion, batteryVoltage=4127, batteryTemperature=287, mBatteryLevelCritical=false, mPlugType=2
D/UsbDeviceManager( 1415): broadcasting Intent { act=android.hardware.usb.action.USB_STATE flg=0x20000000 (has extras) } connected: true configured: false mCurrentFunctions:mtp,adb
D/MountService( 1415): mUsbReceiver usbMode = mtp isUmsMode = false available = false
E/NetlinkEvent(  444): NetlinkEvent::FindParam(): Parameter 'ALERT_NAME' not found
E/NetlinkEvent(  434): NetlinkEvent::FindParam(): Parameter 'ALERT_NAME' not found
D/BatteryService( 1415): Processing new values: chargerAcOnline=false, chargerUsbOnline=true, chargerWirelessOnline=false, batteryStatus=2, batteryHealth=2, batteryPresent=true, batteryLevel=77, batteryTechnology=Li-ion, batteryVoltage=4127, batteryTemperature=287, mBatteryLevelCritical=false, mPlugType=2
V/NotificationService( 1415): pkg=android canInterrupt=true intercept=false
V/NotificationService( 1415): Interrupting!
D/TAG     ( 2060): updateNotifications,process msg
I/PhoneStatusBar( 2060): SystemUI|addNotification key = 0|android|10011|null|1000|0, pkg is android, instanceId is 0, id is 10011, ticker is null
I/PhoneStatusBar( 2060): SystemUI|isHeadsUpForbid = false
I/SmartMultiWindowUtils( 2060): SystemUI|isForbidBySmartMultiWindow = false, isSpecificFullScreen = false, isSmartMutiWindow false
I/HeadsUp ( 2060): SystemUI|show headsupview failed because:  situation 1:    mUseHeadsUp:  true   shouldInterrupt(notification): false      situation 2:      !isHoodAvailableForNotification:  true   !considerAsOngoing(notification):  false   tickerIsNotNull:  false
D/TAG     ( 2060): updateNotifications,skip msg
W/UsbDeviceManager( 1415): handleMessage - 0
I/MtpReceiver( 3371): intent.getAction() = android.hardware.usb.action.USB_STATE, time = 1482994999186
I/MtpReceiver( 3371): functions = mtp,adbconfigure = false
I/MtpReceiver( 3371): mMtpStartTime = 1482994999187
E/NetlinkEvent(  434): NetlinkEvent::FindParam(): Parameter 'ALERT_NAME' not found
V/UsbDeviceManager( 1415): USB UEVENT: {USB_STATE=CONNECTED, SUBSYSTEM=android_usb, SEQNUM=3891, ACTION=change, DEVPATH=/devices/virtual/android_usb/android0}
E/NetlinkEvent(  444): NetlinkEvent::FindParam(): Parameter 'ALERT_NAME' not found
I/UsbDeviceManager( 1415): show usb adb notification,  mAdbEnabled:true mConnected:true mAdbTipsNotificationIsShown:false mAdbNotificationShown:true
D/UsbDeviceManager( 1415): updateUsbNotification - containsFunction: USB_FUNCTION_MTP 
I/UsbDeviceManager( 1415): mUsbNotificationId:17040679 usbTempId:17040679 mCurrentFunctions:mtp,adb mDefaultFunctions:mtp,adb
D/UsbDeviceManager( 1415): broadcasting Intent { act=android.hardware.usb.action.USB_STATE flg=0x20000000 (has extras) } connected: true configured: false mCurrentFunctions:mtp,adb
D/MountService( 1415): mUsbReceiver usbMode = mtp isUmsMode = false available = false
E/NetlinkEvent(  444): NetlinkEvent::FindParam(): Parameter 'ALERT_NAME' not found
E/NetlinkEvent(  434): NetlinkEvent::FindParam(): Parameter 'ALERT_NAME' not found
D/BatteryService( 1415): Processing new values: chargerAcOnline=false, chargerUsbOnline=true, chargerWirelessOnline=false, batteryStatus=2, batteryHealth=2, batteryPresent=true, batteryLevel=77, batteryTechnology=Li-ion, batteryVoltage=4127, batteryTemperature=287, mBatteryLevelCritical=false, mPlugType=2
E/NetlinkEvent(  444): NetlinkEvent::FindParam(): Parameter 'ALERT_NAME' not found
D/BatteryService( 1415): Processing new values: chargerAcOnline=false, chargerUsbOnline=true, chargerWirelessOnline=false, batteryStatus=2, batteryHealth=2, batteryPresent=true, batteryLevel=77, batteryTechnology=Li-ion, batteryVoltage=4127, batteryTemperature=287, mBatteryLevelCritical=false, mPlugType=2
E/NetlinkEvent(  434): NetlinkEvent::FindParam(): Parameter 'ALERT_NAME' not found
W/UsbDeviceManager( 1415): handleMessage - 0
I/MtpReceiver( 3371): intent.getAction() = android.hardware.usb.action.USB_STATE, time = 1482994999272
I/MtpReceiver( 3371): functions = mtp,adbconfigure = true
I/MtpReceiver( 3371): mMtpStartTime = 1482994999273
E/NetlinkEvent(  434): NetlinkEvent::FindParam(): Parameter 'ALERT_NAME' not found
V/UsbDeviceManager( 1415): USB UEVENT: {USB_STATE=CONFIGURED, SUBSYSTEM=android_usb, SEQNUM=3894, ACTION=change, DEVPATH=/devices/virtual/android_usb/android0}
E/NetlinkEvent(  444): NetlinkEvent::FindParam(): Parameter 'ALERT_NAME' not found
I/UsbDeviceManager( 1415): show usb adb notification,  mAdbEnabled:true mConnected:true mAdbTipsNotificationIsShown:false mAdbNotificationShown:true
D/UsbDeviceManager( 1415): updateUsbNotification - containsFunction: USB_FUNCTION_MTP 
I/UsbDeviceManager( 1415): mUsbNotificationId:17040679 usbTempId:17040679 mCurrentFunctions:mtp,adb mDefaultFunctions:mtp,adb
D/UsbDeviceManager( 1415): broadcasting Intent { act=android.hardware.usb.action.USB_STATE flg=0x20000000 (has extras) } connected: true configured: true mCurrentFunctions:mtp,adb
D/MountService( 1415): mUsbReceiver usbMode = mtp isUmsMode = false available = false
I/MediaPlayer( 2430): reset
D/NuPlayerDriver(  449): reset(0xab2aff58)
D/NuPlayer(  449): resetAsync, mSource->disconnect() +++
D/NuPlayer(  449): resetAsync, mSource->disconnect() ---
V/NuPlayer(  449): kWhatReset
V/NuPlayer(  449): performDecoderFlush audio=2, video=2
V/NuPlayer(  449): performReset
D/NuPlayerDriver(  449): reset STATE_RESET_IN_PROGRESS +++
D/NuPlayerDriver(  449): notifyResetComplete(0xab2aff58)
D/NuPlayerDriver(  449): reset STATE_RESET_IN_PROGRESS ---
I/UsbDeviceManagerService( 2430): Rington is stoped
D/NuPlayerDriver(  449): reset(0xab2aff58)
V/NuPlayerDriver(  449): ~NuPlayerDriver(0xab2aff58)
D/MediaPlayerService(  449): RemovePlayer, (2430,46,1000)
W/ActivityManager( 1415): getRunningAppProcesses: caller 10117 does not hold REAL_GET_TASKS; limiting output
I/AppStore.SelfStartManager( 5249): at:d:160128-113=> isUiExist true mIsSelfDownloading false mUpdateServiceActiveCount 0 mPushServiceActiveCount 0 mSilentUpdateServiceActiveCount 0 mOpenDownloadServiceActiveCount 0 mLauncherStartDownloadServiceActiveCount 0 mLauncherDataServiceActiveCount 0 mRemoteServiceActiveCount 0 mDownloadServiceActiveCount 0
D/awcn.DefaultHeartbeatImpl(22659):  heartbeat session:Session[AWCN1_1|http2_0rtt_acs]
D/awcn.TnetSpdySession(22659): |[seq:AWCN1_1] ping host:https://acs4public.m.taobao.com thread:AWCN Scheduler1
D/awcn.TnetSpdySession(22659): |[seq:AWCN1_1] https://acs4public.m.taobao.com submit ping ms:45051 force:true
I/awcn.TnetSpdySession(22659): |[seq:AWCN1_1] ping receive Host:https://acs4public.m.taobao.com id:35
I/MSM-irqbalance(  720): Decided to move IRQ239 from CPU3 to CPU2
I/ServiceManager(24388): Waiting for service AtCmdFwd...
I/VivoNetworkController( 2060): SystemUI|mWifiEnabled && mWifiConnected = true
I/SurfaceFlinger(  435): FPS: 2
I/ServiceManager(24388): Waiting for service AtCmdFwd...
I/VivoNetworkController( 2060): SystemUI|mWifiEnabled && mWifiConnected = true
I/SurfaceFlinger(  435): FPS: 1
I/ServiceManager(24388): Waiting for service AtCmdFwd...
